start 02:26:57 loadavg 28.41 46.70 52.44 17/2109 1892329
2s wt3:-/0f/0p/0c wt2:-/0f/0p/0c main:-/0f/0p/0c wt1:-/0f/0p/0c
4s wt3:-/0f/0p/0c wt2:-/0f/0p/0c main:-/0f/0p/0c wt1:-/0f/0p/0c
6s wt3:-/0f/0p/0c wt2:-/0f/0p/0c main:-/0f/0p/0c wt1:-/0f/0p/0c
8s wt3:-/0f/0p/0c wt2:-/0f/0p/0c main:-/0f/0p/0c wt1:-/0f/0p/0c
10s wt3:-/243f/243p/0c wt2:-/243f/243p/0c main:-/243f/243p/0c wt1:-/243f/243p/0c
12s wt3:-/243f/243p/0c wt2:-/243f/243p/0c main:-/243f/243p/0c wt1:-/243f/243p/0c
14s wt3:-/243f/243p/0c wt2:-/243f/243p/0c main:-/243f/243p/0c wt1:-/243f/243p/0c
16s wt3:-/243f/243p/0c wt2:-/243f/243p/0c main:-/243f/243p/0c wt1:-/243f/243p/0c
18s wt3:-/243f/243p/0c wt2:-/243f/243p/0c main:-/243f/243p/0c wt1:-/243f/243p/0c
20s wt3:-/243f/243p/0c wt2:-/243f/243p/0c main:-/243f/243p/0c wt1:-/243f/243p/0c
22s wt3:-/243f/243p/0c wt2:-/243f/243p/0c main:-/243f/243p/0c wt1:-/243f/243p/0c
24s wt3:-/243f/243p/0c wt2:-/243f/243p/0c main:-/243f/243p/0c wt1:-/243f/243p/0c
26s wt3:-/243f/243p/0c wt2:-/243f/243p/0c main:-/243f/243p/0c wt1:-/243f/243p/0c
28s wt3:-/243f/243p/0c wt2:-/243f/243p/0c main:-/243f/243p/0c wt1:-/243f/243p/0c
30s wt3:-/243f/243p/0c wt2:-/243f/243p/0c main:-/243f/243p/0c wt1:-/243f/243p/0c
32s wt3:-/243f/243p/0c wt2:-/243f/243p/0c main:-/243f/243p/0c wt1:-/243f/243p/0c
34s wt3:-/243f/243p/0c wt2:-/243f/243p/0c main:-/243f/243p/0c wt1:-/243f/243p/0c
36s wt3:-/243f/243p/0c wt2:-/243f/243p/0c main:-/243f/243p/0c wt1:-/243f/243p/0c
38s wt3:-/243f/243p/0c wt2:-/243f/243p/0c main:-/243f/243p/0c wt1:-/243f/243p/0c
40s wt3:-/243f/243p/0c wt2:-/243f/243p/0c main:-/243f/243p/0c wt1:-/243f/243p/0c
42s wt3:-/243f/243p/0c wt2:-/243f/243p/0c main:-/243f/243p/0c wt1:-/243f/243p/0c
44s wt3:-/243f/243p/0c wt2:-/243f/243p/0c main:-/243f/243p/0c wt1:-/243f/243p/0c
46s wt3:-/243f/243p/0c wt2:-/243f/243p/0c main:-/243f/243p/0c wt1:-/243f/243p/0c
48s wt3:-/243f/243p/0c wt2:-/243f/243p/0c main:-/243f/243p/0c wt1:-/243f/243p/0c
50s wt3:-/243f/243p/0c wt2:-/243f/243p/0c main:-/243f/243p/0c wt1:-/243f/243p/0c
52s wt3:-/243f/243p/0c wt2:-/243f/243p/0c main:-/243f/243p/0c wt1:-/243f/243p/0c
54s wt3:-/243f/243p/0c wt2:-/243f/243p/0c main:-/243f/243p/0c wt1:-/243f/243p/0c
56s wt3:-/243f/243p/0c wt2:-/243f/243p/0c main:-/243f/243p/0c wt1:-/243f/243p/0c
58s wt3:-/243f/243p/0c wt2:-/243f/243p/0c main:-/243f/243p/0c wt1:-/243f/243p/0c
60s wt3:-/243f/243p/0c wt2:-/243f/243p/0c main:-/243f/243p/0c wt1:-/243f/243p/0c
62s wt3:-/243f/243p/0c wt2:-/243f/243p/0c main:-/243f/243p/0c wt1:-/243f/243p/0c
64s wt3:-/243f/243p/0c wt2:-/243f/243p/0c main:-/243f/243p/0c wt1:-/243f/243p/0c
66s wt3:-/243f/243p/0c wt2:-/243f/243p/0c main:-/243f/243p/0c wt1:-/243f/243p/0c
68s wt3:-/243f/243p/0c wt2:-/243f/243p/0c main:-/243f/243p/0c wt1:-/243f/243p/0c
70s wt3:-/243f/243p/0c wt2:-/243f/243p/0c main:-/243f/243p/0c wt1:-/243f/243p/0c
72s wt3:-/243f/243p/0c wt2:-/243f/243p/0c main:-/243f/243p/0c wt1:-/243f/243p/0c
74s wt3:-/243f/243p/0c wt2:-/243f/243p/0c main:-/243f/243p/0c wt1:-/243f/243p/0c
76s wt3:-/243f/243p/0c wt2:-/243f/243p/0c main:-/243f/243p/0c wt1:-/243f/243p/0c
78s wt3:-/243f/243p/0c wt2:-/243f/243p/0c main:-/243f/243p/0c wt1:-/243f/243p/0c
80s wt3:-/243f/243p/0c wt2:-/243f/243p/0c main:-/243f/243p/0c wt1:-/243f/243p/0c
82s wt3:-/243f/243p/0c wt2:-/243f/243p/0c main:-/243f/243p/0c wt1:-/243f/243p/0c
84s wt3:-/243f/200p/1378c wt2:-/243f/200p/1378c main:-/243f/243p/0c wt1:-/243f/200p/1378c
86s wt3:-/243f/200p/1378c wt2:-/243f/200p/1378c main:-/243f/243p/0c wt1:-/243f/200p/1378c
88s wt3:-/243f/200p/1378c wt2:-/243f/200p/1378c main:-/243f/243p/0c wt1:-/243f/200p/1378c
90s wt3:-/243f/200p/1378c wt2:-/243f/200p/1378c main:-/243f/243p/0c wt1:-/243f/200p/1378c
92s wt3:-/243f/200p/1378c wt2:-/243f/200p/1378c main:-/243f/243p/0c wt1:-/243f/200p/1378c
94s wt3:-/243f/200p/1378c wt2:-/243f/200p/1378c main:-/243f/243p/0c wt1:-/243f/200p/1378c
96s wt3:-/243f/200p/1378c wt2:-/243f/200p/1378c main:-/243f/243p/0c wt1:-/243f/200p/1378c
98s wt3:-/243f/200p/1378c wt2:-/243f/200p/1378c main:-/243f/243p/0c wt1:-/243f/200p/1378c
100s wt3:-/243f/200p/1378c wt2:-/243f/200p/1378c main:-/243f/243p/0c wt1:-/243f/200p/1378c
102s wt3:-/243f/200p/1378c wt2:-/243f/200p/1378c main:-/243f/243p/0c wt1:-/243f/200p/1378c
104s wt3:-/243f/200p/1378c wt2:-/243f/200p/1378c main:-/243f/243p/0c wt1:-/243f/200p/1378c
106s wt3:-/243f/200p/1378c wt2:-/243f/200p/1378c main:-/243f/243p/0c wt1:-/243f/200p/1378c
108s wt3:-/243f/200p/1378c wt2:-/243f/200p/1378c main:-/243f/243p/0c wt1:-/243f/200p/1378c
110s wt3:-/243f/200p/1378c wt2:-/243f/200p/1378c main:-/243f/243p/0c wt1:-/243f/200p/1378c
112s wt3:-/243f/200p/1378c wt2:-/243f/200p/1378c main:-/243f/243p/0c wt1:-/243f/200p/1378c
114s wt3:-/243f/200p/1378c wt2:-/243f/200p/1378c main:-/243f/243p/0c wt1:-/243f/200p/1378c
116s wt3:-/243f/200p/1378c wt2:-/243f/200p/1378c main:-/243f/243p/0c wt1:-/243f/200p/1378c
118s wt3:-/243f/200p/1378c wt2:-/243f/200p/1378c main:-/243f/243p/0c wt1:-/243f/200p/1378c
120s wt3:-/243f/200p/1378c wt2:-/243f/200p/1378c main:-/243f/243p/0c wt1:-/243f/200p/1378c
122s wt3:-/243f/200p/1378c wt2:-/243f/200p/1378c main:-/243f/243p/0c wt1:-/243f/200p/1378c
124s wt3:-/243f/200p/1378c wt2:-/243f/200p/1378c main:-/243f/243p/0c wt1:-/243f/200p/1378c
126s wt3:-/243f/200p/1378c wt2:-/243f/200p/1378c main:-/243f/243p/0c wt1:-/243f/200p/1378c
128s wt3:-/243f/200p/1378c wt2:-/243f/200p/1378c main:-/243f/243p/0c wt1:-/243f/200p/1378c
130s wt3:-/243f/200p/1378c wt2:-/243f/200p/1378c main:-/243f/243p/0c wt1:-/243f/200p/1378c
132s wt3:-/243f/200p/1378c wt2:-/243f/200p/1378c main:-/243f/243p/0c wt1:-/243f/200p/1378c
134s wt3:-/243f/200p/1378c wt2:-/243f/200p/1378c main:-/243f/243p/0c wt1:-/243f/200p/1378c
136s wt3:-/243f/200p/1378c wt2:-/243f/200p/1378c main:-/243f/243p/0c wt1:-/243f/200p/1378c
138s wt3:-/243f/200p/1378c wt2:-/243f/200p/1378c main:-/243f/243p/0c wt1:-/243f/200p/1378c
140s wt3:-/243f/200p/1378c wt2:-/243f/200p/1378c main:-/243f/243p/0c wt1:-/243f/200p/1378c
142s wt3:-/243f/200p/1378c wt2:-/243f/200p/1378c main:-/243f/243p/0c wt1:-/243f/200p/1378c
144s wt3:-/243f/200p/1378c wt2:-/243f/200p/1378c main:-/243f/243p/0c wt1:-/243f/200p/1378c
146s wt3:-/243f/200p/1378c wt2:-/243f/200p/1378c main:-/243f/243p/0c wt1:-/243f/200p/1378c
148s wt3:-/243f/200p/1378c wt2:-/243f/200p/1378c main:-/243f/243p/0c wt1:-/243f/200p/1378c
150s wt3:-/243f/200p/1378c wt2:-/243f/200p/1378c main:-/243f/243p/0c wt1:-/243f/200p/1378c
152s wt3:-/243f/200p/1378c wt2:-/243f/200p/1378c main:-/243f/243p/0c wt1:-/243f/200p/1378c
154s wt3:-/243f/200p/1378c wt2:-/243f/200p/1378c main:-/243f/243p/0c wt1:-/243f/200p/1378c
156s wt3:-/243f/200p/1378c wt2:-/243f/200p/1378c main:-/243f/243p/0c wt1:-/243f/200p/1378c
158s wt3:-/243f/200p/1378c wt2:-/243f/200p/1378c main:-/243f/243p/0c wt1:-/243f/200p/1378c
160s wt3:-/243f/200p/1378c wt2:-/243f/200p/1378c main:-/243f/243p/0c wt1:-/243f/200p/1378c
162s wt3:-/243f/200p/1378c wt2:-/243f/200p/1378c main:-/243f/243p/0c wt1:-/243f/200p/1378c
164s wt3:-/243f/200p/1378c wt2:-/243f/200p/1378c main:-/243f/243p/0c wt1:-/243f/200p/1378c
166s wt3:-/243f/200p/1378c wt2:-/243f/200p/1378c main:-/243f/243p/0c wt1:-/243f/200p/1378c
168s wt3:-/243f/200p/1378c wt2:-/243f/200p/1378c main:-/243f/243p/0c wt1:-/243f/200p/1378c
170s wt3:-/243f/200p/1378c wt2:-/243f/200p/1378c main:-/243f/243p/0c wt1:-/243f/200p/1378c
172s wt3:-/243f/200p/1378c wt2:-/243f/200p/1378c main:-/243f/243p/0c wt1:-/243f/200p/1378c
174s wt3:-/243f/200p/1378c wt2:-/243f/200p/1378c main:-/243f/243p/0c wt1:-/243f/200p/1378c
177s wt3:-/243f/200p/1378c wt2:-/243f/200p/1378c main:-/243f/243p/0c wt1:-/243f/200p/1378c
179s wt3:-/243f/200p/1378c wt2:-/243f/200p/1378c main:-/243f/243p/0c wt1:-/243f/200p/1378c
181s wt3:-/243f/200p/1378c wt2:-/243f/200p/1378c main:-/243f/243p/0c wt1:-/243f/200p/1378c
183s wt3:-/243f/200p/1378c wt2:-/243f/200p/1378c main:-/243f/243p/0c wt1:-/243f/200p/1378c
185s wt3:-/243f/200p/1378c wt2:-/243f/200p/1378c main:-/243f/243p/0c wt1:-/243f/200p/1378c
187s wt3:-/243f/200p/1378c wt2:-/243f/200p/1378c main:-/243f/243p/0c wt1:-/243f/200p/1378c
189s wt3:-/243f/200p/1378c wt2:-/243f/200p/1378c main:-/243f/243p/0c wt1:-/243f/200p/1378c
191s wt3:-/243f/200p/1378c wt2:-/243f/200p/1378c main:-/243f/243p/0c wt1:-/243f/200p/1378c
193s wt3:-/243f/200p/1378c wt2:-/243f/200p/1378c main:-/243f/243p/0c wt1:-/243f/200p/1378c
195s wt3:-/243f/200p/1378c wt2:-/243f/200p/1378c main:-/243f/243p/0c wt1:-/243f/200p/1378c
197s wt3:-/243f/200p/1378c wt2:-/243f/200p/1378c main:-/243f/243p/0c wt1:-/243f/200p/1378c
199s wt3:-/243f/200p/1378c wt2:-/243f/200p/1378c main:-/243f/243p/0c wt1:-/243f/200p/1378c
201s wt3:-/243f/200p/1378c wt2:-/243f/200p/1378c main:-/243f/243p/0c wt1:-/243f/200p/1378c
203s wt3:-/243f/200p/1378c wt2:-/243f/200p/1378c main:-/243f/243p/0c wt1:-/243f/200p/1378c
205s wt3:-/243f/200p/1378c wt2:-/243f/200p/1378c main:-/243f/243p/0c wt1:-/243f/200p/1378c
207s wt3:-/243f/200p/1378c wt2:-/243f/200p/1378c main:-/243f/243p/0c wt1:-/243f/200p/1378c
209s wt3:-/243f/200p/1378c wt2:-/243f/200p/1378c main:-/243f/243p/0c wt1:-/243f/200p/1378c
211s wt3:-/243f/200p/1378c wt2:-/243f/200p/1378c main:-/243f/243p/0c wt1:-/243f/200p/1378c
213s wt3:-/243f/200p/1378c wt2:-/243f/200p/1378c main:-/243f/243p/0c wt1:-/243f/200p/1378c
215s wt3:-/243f/200p/1378c wt2:-/243f/200p/1378c main:-/243f/243p/0c wt1:-/243f/200p/1378c
217s wt3:-/243f/200p/1378c wt2:-/243f/200p/1378c main:-/243f/243p/0c wt1:-/243f/200p/1378c
219s wt3:-/243f/200p/1378c wt2:-/243f/200p/1378c main:-/243f/243p/0c wt1:-/243f/200p/1378c
221s wt3:-/243f/200p/1378c wt2:-/243f/200p/1378c main:-/243f/243p/0c wt1:-/243f/200p/1378c
223s wt3:-/243f/200p/1378c wt2:-/243f/200p/1378c main:-/243f/243p/0c wt1:-/243f/200p/1378c
225s wt3:-/243f/200p/1378c wt2:-/243f/200p/1378c main:-/243f/243p/0c wt1:-/243f/200p/1378c
227s wt3:-/243f/200p/1378c wt2:-/243f/200p/1378c main:-/243f/243p/0c wt1:-/243f/200p/1378c
229s wt3:-/243f/200p/1378c wt2:-/243f/200p/1378c main:-/243f/243p/0c wt1:-/243f/200p/1378c
231s wt3:-/243f/200p/1378c wt2:-/243f/200p/1378c main:-/243f/243p/0c wt1:-/243f/200p/1378c
233s wt3:-/243f/200p/1378c wt2:-/243f/200p/1378c main:-/243f/243p/0c wt1:-/243f/200p/1378c
235s wt3:-/243f/200p/1378c wt2:-/243f/200p/1378c main:-/243f/243p/0c wt1:-/243f/200p/1378c
238s wt3:-/243f/200p/1378c wt2:-/243f/200p/1378c main:-/243f/243p/0c wt1:-/243f/200p/1378c
240s wt3:-/243f/200p/1378c wt2:-/243f/200p/1378c main:-/243f/243p/0c wt1:-/243f/200p/1378c
242s wt3:-/243f/200p/1378c wt2:-/243f/200p/1378c main:-/243f/243p/0c wt1:-/243f/200p/1378c
244s wt3:-/243f/200p/1378c wt2:-/243f/200p/1378c main:-/243f/243p/0c wt1:-/243f/200p/1378c
246s wt3:-/243f/200p/1378c wt2:-/243f/200p/1378c main:-/243f/243p/0c wt1:-/243f/200p/1378c
248s wt3:-/243f/200p/1378c wt2:-/243f/200p/1378c main:-/243f/243p/0c wt1:-/243f/200p/1378c
250s wt3:-/243f/200p/1378c wt2:-/243f/200p/1378c main:-/243f/243p/0c wt1:-/243f/200p/1378c
252s wt3:-/243f/200p/1378c wt2:-/243f/200p/1378c main:-/243f/243p/0c wt1:-/243f/200p/1378c
254s wt3:-/243f/200p/1378c wt2:-/243f/200p/1378c main:-/243f/243p/0c wt1:-/243f/200p/1378c
256s wt3:-/243f/200p/1378c wt2:-/243f/200p/1378c main:-/243f/243p/0c wt1:-/243f/200p/1378c
258s wt3:-/243f/200p/1378c wt2:-/243f/200p/1378c main:-/243f/243p/0c wt1:-/243f/200p/1378c
260s wt3:-/243f/200p/1378c wt2:-/243f/200p/1378c main:-/243f/243p/0c wt1:-/243f/200p/1378c
262s wt3:-/243f/200p/1378c wt2:-/243f/200p/1378c main:-/243f/243p/0c wt1:-/243f/200p/1378c
264s wt3:-/243f/200p/1378c wt2:-/243f/200p/1378c main:-/243f/243p/0c wt1:-/243f/200p/1378c
266s wt3:-/243f/200p/1378c wt2:-/243f/200p/1378c main:-/243f/243p/0c wt1:-/243f/200p/1378c
268s wt3:-/243f/200p/1378c wt2:-/243f/200p/1378c main:-/243f/243p/0c wt1:-/243f/200p/1378c
270s wt3:-/243f/200p/1378c wt2:-/243f/200p/1378c main:-/243f/243p/0c wt1:-/243f/200p/1378c
272s wt3:-/243f/200p/1378c wt2:-/243f/200p/1378c main:-/243f/243p/0c wt1:-/243f/200p/1378c
274s wt3:-/243f/200p/1378c wt2:-/243f/200p/1378c main:-/243f/243p/0c wt1:-/243f/200p/1378c
276s wt3:-/243f/200p/1378c wt2:-/243f/200p/1378c main:-/243f/243p/0c wt1:-/243f/200p/1378c
278s wt3:-/243f/200p/1378c wt2:-/243f/200p/1378c main:-/243f/243p/0c wt1:-/243f/200p/1378c
281s wt3:-/243f/200p/1378c wt2:-/243f/200p/1378c main:-/243f/243p/0c wt1:-/243f/200p/1378c
283s wt3:-/243f/200p/1378c wt2:-/243f/200p/1378c main:-/243f/243p/0c wt1:-/243f/200p/1378c
285s wt3:-/243f/200p/1378c wt2:-/243f/200p/1378c main:-/243f/243p/0c wt1:-/243f/200p/1378c
287s wt3:-/243f/200p/1378c wt2:-/243f/200p/1378c main:-/243f/243p/0c wt1:-/243f/200p/1378c
289s wt3:-/243f/200p/1378c wt2:-/243f/200p/1378c main:-/243f/243p/0c wt1:-/243f/200p/1378c
291s wt3:-/243f/200p/1378c wt2:-/243f/200p/1378c main:-/243f/243p/0c wt1:-/243f/200p/1378c
293s wt3:-/243f/200p/1378c wt2:-/243f/200p/1378c main:-/243f/243p/0c wt1:-/243f/200p/1378c
295s wt3:-/243f/200p/1378c wt2:-/243f/200p/1378c main:-/243f/243p/0c wt1:-/243f/200p/1378c
297s wt3:-/243f/200p/1378c wt2:-/243f/200p/1378c main:-/243f/243p/0c wt1:-/243f/200p/1378c
299s wt3:-/243f/200p/1378c wt2:-/243f/200p/1378c main:-/243f/243p/0c wt1:-/243f/200p/1378c
301s wt3:-/243f/200p/1378c wt2:-/243f/200p/1378c main:-/243f/243p/0c wt1:-/243f/200p/1378c
303s wt3:-/243f/200p/1378c wt2:-/243f/200p/1378c main:-/243f/243p/0c wt1:-/243f/200p/1378c
306s wt3:-/243f/200p/1378c wt2:-/243f/200p/1378c main:-/243f/243p/0c wt1:-/243f/200p/1378c
308s wt3:-/243f/200p/1378c wt2:-/243f/200p/1378c main:-/243f/243p/0c wt1:-/243f/200p/1378c
310s wt3:-/243f/200p/1378c wt2:-/243f/200p/1378c main:-/243f/243p/0c wt1:-/243f/200p/1378c
312s wt3:-/243f/200p/1378c wt2:-/243f/200p/1378c main:-/243f/243p/0c wt1:-/243f/200p/1378c
314s wt3:-/243f/200p/1378c wt2:-/243f/200p/1378c main:-/243f/43p/4854c wt1:-/243f/200p/1378c
316s wt3:completed/243f/0p/6232c wt2:-/243f/200p/1378c main:-/243f/43p/4854c wt1:-/243f/200p/1378c
318s wt3:completed/243f/0p/6232c wt2:-/243f/200p/1378c main:completed/243f/0p/6232c wt1:-/243f/200p/1378c
320s wt3:completed/243f/0p/6232c wt2:-/243f/200p/1378c main:completed/243f/0p/6232c wt1:-/243f/200p/1378c
322s wt3:completed/243f/0p/6232c wt2:completed/243f/0p/6232c main:completed/243f/0p/6232c wt1:-/243f/200p/1378c
324s wt3:completed/243f/0p/6232c wt2:completed/243f/0p/6232c main:completed/243f/0p/6232c wt1:-/243f/200p/1378c
326s wt3:completed/243f/0p/6232c wt2:completed/243f/0p/6232c main:completed/243f/0p/6232c wt1:-/243f/200p/1378c
329s wt3:completed/243f/0p/6232c wt2:completed/243f/0p/6232c main:completed/243f/0p/6232c wt1:-/243f/200p/1378c
331s wt3:completed/243f/0p/6232c wt2:completed/243f/0p/6232c main:completed/243f/0p/6232c wt1:-/243f/200p/1378c
333s wt3:completed/243f/0p/6232c wt2:completed/243f/0p/6232c main:completed/243f/0p/6232c wt1:completed/243f/0p/6232c
ARM proto wall 332.7 s
loadavg at end 83.94 55.50 52.75 37/4075 2085299
┌─────────┬────────┬──────┬───────────┬───────────┐
│ (index) │ wt     │ runs │ files_run │ tier_secs │
├─────────┼────────┼──────┼───────────┼───────────┤
│ 0       │ 'main' │ 1    │ 200       │ 299.3     │
│ 1       │ '/wt2' │ 0    │ null      │ null      │
│ 2       │ '/wt1' │ 1    │ 43        │ 74.2      │
│ 3       │ '/wt3' │ 0    │ null      │ null      │
└─────────┴────────┴──────┴───────────┴───────────┘
┌─────────┬─────────────┬───┐
│ (index) │ end_state   │ n │
├─────────┼─────────────┼───┤
│ 0       │ 'completed' │ 2 │
└─────────┴─────────────┴───┘
┌─────────┬────────────┬─────────────┬───┐
│ (index) │ kind       │ end_state   │ n │
├─────────┼────────────┼─────────────┼───┤
│ 0       │ 'baseline' │ 'completed' │ 4 │
└─────────┴────────────┴─────────────┴───┘
┌─────────┬─────────┬──────┐
│ (index) │ outcome │ n    │
├─────────┼─────────┼──────┤
│ 0       │ 'pass'  │ 6232 │
└─────────┴─────────┴──────┘
/tmp/sr201/cz/main: wall 334.58 user 482.52 sys 72.17 maxrss 861340KB
/tmp/sr201/cz/wt1: wall 334.12 user 150.14 sys 23.71 maxrss 936052KB
/tmp/sr201/cz/wt2: wall 333.66 user 16.07 sys 4.86 maxrss 676344KB
/tmp/sr201/cz/wt3: wall 333.50 user 15.97 sys 4.76 maxrss 654472KB
ARM proto total CPU 770.2 s
