start 02:11:45 loadavg 16.56 64.93 54.04 6/1471 1363802
2s main:-/0f/0p/0c wt1:-/0f/0p/0c wt3:-/0f/0p/0c wt2:-/0f/0p/0c
4s main:-/0f/0p/0c wt1:-/0f/0p/0c wt3:-/0f/0p/0c wt2:-/0f/0p/0c
6s main:-/0f/0p/0c wt1:-/0f/0p/0c wt3:-/0f/0p/0c wt2:-/0f/0p/0c
8s main:-/243f/243p/0c wt1:-/243f/243p/0c wt3:-/243f/243p/0c wt2:-/243f/243p/0c
10s main:-/243f/243p/0c wt1:-/243f/243p/0c wt3:-/243f/243p/0c wt2:-/243f/243p/0c
12s main:-/243f/243p/0c wt1:-/243f/243p/0c wt3:-/243f/243p/0c wt2:-/243f/243p/0c
14s main:-/243f/243p/0c wt1:-/243f/243p/0c wt3:-/243f/243p/0c wt2:-/243f/243p/0c
16s main:-/243f/243p/0c wt1:-/243f/243p/0c wt3:-/243f/243p/0c wt2:-/243f/243p/0c
18s main:-/243f/243p/0c wt1:-/243f/243p/0c wt3:-/243f/243p/0c wt2:-/243f/243p/0c
20s main:-/243f/243p/0c wt1:-/243f/243p/0c wt3:-/243f/243p/0c wt2:-/243f/243p/0c
22s main:-/243f/243p/0c wt1:-/243f/243p/0c wt3:-/243f/243p/0c wt2:-/243f/243p/0c
24s main:-/243f/243p/0c wt1:-/243f/243p/0c wt3:-/243f/243p/0c wt2:-/243f/243p/0c
26s main:-/243f/243p/0c wt1:-/243f/243p/0c wt3:-/243f/243p/0c wt2:-/243f/243p/0c
28s main:-/243f/243p/0c wt1:-/243f/243p/0c wt3:-/243f/243p/0c wt2:-/243f/243p/0c
30s main:-/243f/243p/0c wt1:-/243f/243p/0c wt3:-/243f/243p/0c wt2:-/243f/243p/0c
32s main:-/243f/243p/0c wt1:-/243f/243p/0c wt3:-/243f/243p/0c wt2:-/243f/243p/0c
34s main:-/243f/243p/0c wt1:-/243f/243p/0c wt3:-/243f/243p/0c wt2:-/243f/243p/0c
36s main:-/243f/243p/0c wt1:-/243f/243p/0c wt3:-/243f/243p/0c wt2:-/243f/243p/0c
38s main:-/243f/243p/0c wt1:-/243f/243p/0c wt3:-/243f/243p/0c wt2:-/243f/243p/0c
40s main:-/243f/243p/0c wt1:-/243f/243p/0c wt3:-/243f/243p/0c wt2:-/243f/243p/0c
42s main:-/243f/243p/0c wt1:-/243f/243p/0c wt3:-/243f/243p/0c wt2:-/243f/243p/0c
44s main:-/243f/243p/0c wt1:-/243f/243p/0c wt3:-/243f/243p/0c wt2:-/243f/243p/0c
46s main:-/243f/243p/0c wt1:-/243f/243p/0c wt3:-/243f/243p/0c wt2:-/243f/243p/0c
48s main:-/243f/243p/0c wt1:-/243f/243p/0c wt3:-/243f/243p/0c wt2:-/243f/243p/0c
50s main:-/243f/243p/0c wt1:-/243f/243p/0c wt3:-/243f/243p/0c wt2:-/243f/243p/0c
52s main:-/243f/243p/0c wt1:-/243f/243p/0c wt3:-/243f/243p/0c wt2:-/243f/243p/0c
54s main:-/243f/243p/0c wt1:-/243f/243p/0c wt3:-/243f/243p/0c wt2:-/243f/243p/0c
56s main:-/243f/243p/0c wt1:-/243f/243p/0c wt3:-/243f/243p/0c wt2:-/243f/243p/0c
58s main:-/243f/243p/0c wt1:-/243f/243p/0c wt3:-/243f/243p/0c wt2:-/243f/243p/0c
60s main:-/243f/243p/0c wt1:-/243f/243p/0c wt3:-/243f/243p/0c wt2:-/243f/243p/0c
62s main:-/243f/243p/0c wt1:-/243f/243p/0c wt3:-/243f/243p/0c wt2:-/243f/243p/0c
64s main:-/243f/243p/0c wt1:-/243f/243p/0c wt3:-/243f/243p/0c wt2:-/243f/243p/0c
66s main:-/243f/243p/0c wt1:-/243f/243p/0c wt3:-/243f/243p/0c wt2:-/243f/243p/0c
68s main:-/243f/243p/0c wt1:-/243f/243p/0c wt3:-/243f/243p/0c wt2:-/243f/243p/0c
70s main:-/243f/243p/0c wt1:-/243f/243p/0c wt3:-/243f/243p/0c wt2:-/243f/243p/0c
72s main:-/243f/243p/0c wt1:-/243f/243p/0c wt3:-/243f/243p/0c wt2:-/243f/243p/0c
74s main:-/243f/243p/0c wt1:-/243f/243p/0c wt3:-/243f/243p/0c wt2:-/243f/243p/0c
76s main:-/243f/243p/0c wt1:-/243f/243p/0c wt3:-/243f/243p/0c wt2:-/243f/243p/0c
78s main:-/243f/243p/0c wt1:-/243f/243p/0c wt3:-/243f/243p/0c wt2:-/243f/243p/0c
80s main:-/243f/243p/0c wt1:-/243f/243p/0c wt3:-/243f/243p/0c wt2:-/243f/243p/0c
82s main:-/243f/243p/0c wt1:-/243f/243p/0c wt3:-/243f/243p/0c wt2:-/243f/243p/0c
84s main:-/243f/243p/0c wt1:-/243f/243p/0c wt3:-/243f/243p/0c wt2:-/243f/243p/0c
86s main:-/243f/243p/0c wt1:-/243f/243p/0c wt3:-/243f/243p/0c wt2:-/243f/243p/0c
88s main:-/243f/243p/0c wt1:-/243f/243p/0c wt3:-/243f/243p/0c wt2:-/243f/243p/0c
90s main:-/243f/243p/0c wt1:-/243f/243p/0c wt3:-/243f/243p/0c wt2:-/243f/243p/0c
92s main:-/243f/243p/0c wt1:-/243f/243p/0c wt3:-/243f/243p/0c wt2:-/243f/243p/0c
94s main:-/243f/243p/0c wt1:-/243f/243p/0c wt3:-/243f/243p/0c wt2:-/243f/243p/0c
96s main:-/243f/243p/0c wt1:-/243f/243p/0c wt3:-/243f/243p/0c wt2:-/243f/243p/0c
98s main:-/243f/243p/0c wt1:-/243f/243p/0c wt3:-/243f/243p/0c wt2:-/243f/243p/0c
100s main:-/243f/243p/0c wt1:-/243f/243p/0c wt3:-/243f/243p/0c wt2:-/243f/243p/0c
102s main:-/243f/243p/0c wt1:-/243f/243p/0c wt3:-/243f/243p/0c wt2:-/243f/243p/0c
104s main:-/243f/243p/0c wt1:-/243f/243p/0c wt3:-/243f/243p/0c wt2:-/243f/243p/0c
106s main:-/243f/243p/0c wt1:-/243f/243p/0c wt3:-/243f/243p/0c wt2:-/243f/243p/0c
108s main:-/243f/243p/0c wt1:-/243f/243p/0c wt3:-/243f/243p/0c wt2:-/243f/243p/0c
110s main:-/243f/243p/0c wt1:-/243f/243p/0c wt3:-/243f/243p/0c wt2:-/243f/243p/0c
112s main:-/243f/243p/0c wt1:-/243f/243p/0c wt3:-/243f/243p/0c wt2:-/243f/243p/0c
114s main:-/243f/243p/0c wt1:-/243f/243p/0c wt3:-/243f/243p/0c wt2:-/243f/243p/0c
116s main:-/243f/243p/0c wt1:-/243f/243p/0c wt3:-/243f/243p/0c wt2:-/243f/243p/0c
118s main:-/243f/243p/0c wt1:-/243f/243p/0c wt3:-/243f/243p/0c wt2:-/243f/243p/0c
120s main:-/243f/243p/0c wt1:-/243f/243p/0c wt3:-/243f/243p/0c wt2:-/243f/243p/0c
122s main:-/243f/243p/0c wt1:-/243f/243p/0c wt3:-/243f/243p/0c wt2:-/243f/243p/0c
124s main:-/243f/243p/0c wt1:-/243f/243p/0c wt3:-/243f/243p/0c wt2:-/243f/243p/0c
126s main:-/243f/243p/0c wt1:-/243f/243p/0c wt3:-/243f/243p/0c wt2:-/243f/243p/0c
128s main:-/243f/243p/0c wt1:-/243f/243p/0c wt3:-/243f/243p/0c wt2:-/243f/243p/0c
130s main:-/243f/243p/0c wt1:-/243f/243p/0c wt3:-/243f/243p/0c wt2:-/243f/243p/0c
132s main:-/243f/243p/0c wt1:-/243f/243p/0c wt3:-/243f/243p/0c wt2:-/243f/243p/0c
134s main:-/243f/243p/0c wt1:-/243f/243p/0c wt3:-/243f/243p/0c wt2:-/243f/243p/0c
136s main:-/243f/243p/0c wt1:-/243f/243p/0c wt3:-/243f/243p/0c wt2:-/243f/243p/0c
138s main:-/243f/243p/0c wt1:-/243f/243p/0c wt3:-/243f/243p/0c wt2:-/243f/243p/0c
140s main:-/243f/243p/0c wt1:-/243f/243p/0c wt3:-/243f/243p/0c wt2:-/243f/243p/0c
142s main:-/243f/243p/0c wt1:-/243f/243p/0c wt3:-/243f/243p/0c wt2:-/243f/243p/0c
144s main:-/243f/243p/0c wt1:-/243f/243p/0c wt3:-/243f/243p/0c wt2:-/243f/243p/0c
146s main:-/243f/243p/0c wt1:-/243f/243p/0c wt3:-/243f/243p/0c wt2:-/243f/243p/0c
148s main:-/243f/243p/0c wt1:-/243f/243p/0c wt3:-/243f/243p/0c wt2:-/243f/243p/0c
150s main:-/243f/243p/0c wt1:-/243f/243p/0c wt3:-/243f/243p/0c wt2:-/243f/243p/0c
152s main:-/243f/243p/0c wt1:-/243f/243p/0c wt3:-/243f/243p/0c wt2:-/243f/243p/0c
154s main:-/243f/243p/0c wt1:-/243f/243p/0c wt3:-/243f/243p/0c wt2:-/243f/243p/0c
156s main:-/243f/243p/0c wt1:-/243f/243p/0c wt3:-/243f/243p/0c wt2:-/243f/243p/0c
158s main:-/243f/243p/0c wt1:-/243f/243p/0c wt3:-/243f/243p/0c wt2:-/243f/243p/0c
160s main:-/243f/243p/0c wt1:-/243f/243p/0c wt3:-/243f/243p/0c wt2:-/243f/243p/0c
162s main:-/243f/243p/0c wt1:-/243f/243p/0c wt3:-/243f/243p/0c wt2:-/243f/243p/0c
164s main:-/243f/243p/0c wt1:-/243f/243p/0c wt3:-/243f/243p/0c wt2:-/243f/243p/0c
166s main:-/243f/243p/0c wt1:-/243f/243p/0c wt3:-/243f/243p/0c wt2:-/243f/243p/0c
168s main:-/243f/243p/0c wt1:-/243f/243p/0c wt3:-/243f/243p/0c wt2:-/243f/243p/0c
170s main:-/243f/243p/0c wt1:-/243f/243p/0c wt3:-/243f/243p/0c wt2:-/243f/243p/0c
172s main:-/243f/243p/0c wt1:-/243f/243p/0c wt3:-/243f/243p/0c wt2:-/243f/243p/0c
174s main:-/243f/243p/0c wt1:-/243f/243p/0c wt3:-/243f/243p/0c wt2:-/243f/243p/0c
176s main:-/243f/243p/0c wt1:-/243f/243p/0c wt3:-/243f/243p/0c wt2:-/243f/243p/0c
178s main:-/243f/243p/0c wt1:-/243f/243p/0c wt3:-/243f/243p/0c wt2:-/243f/243p/0c
180s main:-/243f/243p/0c wt1:-/243f/243p/0c wt3:-/243f/243p/0c wt2:-/243f/243p/0c
182s main:-/243f/243p/0c wt1:-/243f/243p/0c wt3:-/243f/243p/0c wt2:-/243f/243p/0c
184s main:-/243f/243p/0c wt1:-/243f/243p/0c wt3:-/243f/243p/0c wt2:-/243f/243p/0c
186s main:-/243f/243p/0c wt1:-/243f/243p/0c wt3:-/243f/243p/0c wt2:-/243f/243p/0c
188s main:-/243f/243p/0c wt1:-/243f/243p/0c wt3:-/243f/243p/0c wt2:-/243f/243p/0c
190s main:-/243f/243p/0c wt1:-/243f/243p/0c wt3:-/243f/243p/0c wt2:-/243f/243p/0c
192s main:-/243f/243p/0c wt1:-/243f/243p/0c wt3:-/243f/243p/0c wt2:-/243f/243p/0c
194s main:-/243f/243p/0c wt1:-/243f/243p/0c wt3:-/243f/243p/0c wt2:-/243f/243p/0c
196s main:-/243f/243p/0c wt1:-/243f/243p/0c wt3:-/243f/243p/0c wt2:-/243f/243p/0c
198s main:-/243f/243p/0c wt1:-/243f/243p/0c wt3:-/243f/243p/0c wt2:-/243f/243p/0c
200s main:-/243f/243p/0c wt1:-/243f/243p/0c wt3:-/243f/243p/0c wt2:-/243f/243p/0c
202s main:-/243f/243p/0c wt1:-/243f/243p/0c wt3:-/243f/243p/0c wt2:-/243f/243p/0c
204s main:-/243f/243p/0c wt1:-/243f/243p/0c wt3:-/243f/243p/0c wt2:-/243f/243p/0c
206s main:-/243f/243p/0c wt1:-/243f/243p/0c wt3:-/243f/243p/0c wt2:-/243f/243p/0c
208s main:-/243f/243p/0c wt1:-/243f/243p/0c wt3:-/243f/243p/0c wt2:-/243f/243p/0c
210s main:-/243f/243p/0c wt1:-/243f/243p/0c wt3:-/243f/243p/0c wt2:-/243f/243p/0c
212s main:-/243f/243p/0c wt1:-/243f/243p/0c wt3:-/243f/243p/0c wt2:-/243f/243p/0c
215s main:-/243f/243p/0c wt1:-/243f/243p/0c wt3:-/243f/243p/0c wt2:-/243f/243p/0c
217s main:-/243f/243p/0c wt1:-/243f/243p/0c wt3:-/243f/243p/0c wt2:-/243f/243p/0c
219s main:-/243f/243p/0c wt1:-/243f/243p/0c wt3:-/243f/243p/0c wt2:-/243f/243p/0c
221s main:-/243f/243p/0c wt1:-/243f/243p/0c wt3:-/243f/243p/0c wt2:-/243f/243p/0c
223s main:-/243f/243p/0c wt1:-/243f/243p/0c wt3:-/243f/243p/0c wt2:-/243f/243p/0c
225s main:-/243f/243p/0c wt1:-/243f/243p/0c wt3:-/243f/243p/0c wt2:-/243f/243p/0c
227s main:-/243f/243p/0c wt1:-/243f/243p/0c wt3:-/243f/243p/0c wt2:-/243f/243p/0c
229s main:-/243f/243p/0c wt1:-/243f/243p/0c wt3:-/243f/243p/0c wt2:-/243f/243p/0c
231s main:-/243f/243p/0c wt1:-/243f/243p/0c wt3:-/243f/243p/0c wt2:-/243f/243p/0c
233s main:-/243f/243p/0c wt1:-/243f/243p/0c wt3:-/243f/243p/0c wt2:-/243f/243p/0c
235s main:-/243f/243p/0c wt1:-/243f/243p/0c wt3:-/243f/243p/0c wt2:-/243f/243p/0c
237s main:-/243f/243p/0c wt1:-/243f/243p/0c wt3:-/243f/243p/0c wt2:-/243f/243p/0c
239s main:-/243f/243p/0c wt1:-/243f/243p/0c wt3:-/243f/243p/0c wt2:-/243f/243p/0c
241s main:-/243f/243p/0c wt1:-/243f/243p/0c wt3:-/243f/243p/0c wt2:-/243f/243p/0c
243s main:-/243f/243p/0c wt1:-/243f/243p/0c wt3:-/243f/243p/0c wt2:-/243f/243p/0c
245s main:-/243f/243p/0c wt1:-/243f/243p/0c wt3:-/243f/243p/0c wt2:-/243f/243p/0c
247s main:-/243f/243p/0c wt1:-/243f/243p/0c wt3:-/243f/243p/0c wt2:-/243f/243p/0c
249s main:-/243f/243p/0c wt1:-/243f/243p/0c wt3:-/243f/243p/0c wt2:-/243f/243p/0c
251s main:-/243f/243p/0c wt1:-/243f/243p/0c wt3:-/243f/243p/0c wt2:-/243f/243p/0c
253s main:-/243f/243p/0c wt1:-/243f/243p/0c wt3:-/243f/243p/0c wt2:-/243f/243p/0c
255s main:-/243f/243p/0c wt1:-/243f/243p/0c wt3:-/243f/243p/0c wt2:-/243f/243p/0c
257s main:-/243f/243p/0c wt1:-/243f/243p/0c wt3:-/243f/243p/0c wt2:-/243f/243p/0c
259s main:-/243f/243p/0c wt1:-/243f/243p/0c wt3:-/243f/243p/0c wt2:-/243f/243p/0c
261s main:-/243f/243p/0c wt1:-/243f/243p/0c wt3:-/243f/243p/0c wt2:-/243f/243p/0c
263s main:-/243f/243p/0c wt1:-/243f/243p/0c wt3:-/243f/243p/0c wt2:-/243f/243p/0c
265s main:-/243f/243p/0c wt1:-/243f/243p/0c wt3:-/243f/243p/0c wt2:-/243f/243p/0c
267s main:-/243f/243p/0c wt1:-/243f/243p/0c wt3:-/243f/243p/0c wt2:-/243f/243p/0c
269s main:-/243f/243p/0c wt1:-/243f/243p/0c wt3:-/243f/243p/0c wt2:-/243f/243p/0c
271s main:-/243f/243p/0c wt1:-/243f/243p/0c wt3:-/243f/243p/0c wt2:-/243f/243p/0c
273s main:-/243f/243p/0c wt1:-/243f/243p/0c wt3:-/243f/243p/0c wt2:-/243f/243p/0c
276s main:-/243f/243p/0c wt1:-/243f/243p/0c wt3:-/243f/243p/0c wt2:-/243f/243p/0c
278s main:-/243f/243p/0c wt1:-/243f/243p/0c wt3:-/243f/243p/0c wt2:-/243f/243p/0c
280s main:-/243f/243p/0c wt1:-/243f/243p/0c wt3:-/243f/243p/0c wt2:-/243f/243p/0c
282s main:-/243f/243p/0c wt1:-/243f/243p/0c wt3:-/243f/243p/0c wt2:-/243f/243p/0c
284s main:-/243f/243p/0c wt1:-/243f/243p/0c wt3:-/243f/243p/0c wt2:-/243f/243p/0c
286s main:-/243f/243p/0c wt1:-/243f/243p/0c wt3:-/243f/243p/0c wt2:-/243f/243p/0c
288s main:-/243f/243p/0c wt1:-/243f/243p/0c wt3:-/243f/243p/0c wt2:-/243f/243p/0c
290s main:-/243f/243p/0c wt1:-/243f/243p/0c wt3:-/243f/243p/0c wt2:-/243f/243p/0c
292s main:-/243f/243p/0c wt1:-/243f/243p/0c wt3:-/243f/243p/0c wt2:-/243f/243p/0c
294s main:-/243f/243p/0c wt1:-/243f/243p/0c wt3:-/243f/243p/0c wt2:-/243f/243p/0c
296s main:-/243f/243p/0c wt1:-/243f/243p/0c wt3:-/243f/243p/0c wt2:-/243f/243p/0c
298s main:-/243f/243p/0c wt1:-/243f/243p/0c wt3:-/243f/243p/0c wt2:-/243f/243p/0c
300s main:-/243f/243p/0c wt1:-/243f/243p/0c wt3:-/243f/243p/0c wt2:-/243f/243p/0c
302s main:-/243f/243p/0c wt1:-/243f/243p/0c wt3:-/243f/243p/0c wt2:-/243f/243p/0c
304s main:-/243f/243p/0c wt1:-/243f/243p/0c wt3:-/243f/243p/0c wt2:-/243f/243p/0c
306s main:-/243f/243p/0c wt1:-/243f/243p/0c wt3:-/243f/243p/0c wt2:-/243f/243p/0c
308s main:-/243f/243p/0c wt1:-/243f/243p/0c wt3:-/243f/243p/0c wt2:-/243f/243p/0c
311s main:-/243f/243p/0c wt1:-/243f/43p/4854c wt3:-/243f/243p/0c wt2:-/243f/243p/0c
313s main:-/243f/243p/4854c wt1:-/243f/43p/4854c wt3:-/243f/243p/0c wt2:-/243f/243p/0c
315s main:-/243f/243p/4854c wt1:-/243f/43p/4854c wt3:-/243f/243p/0c wt2:-/243f/243p/0c
317s main:-/243f/243p/4854c wt1:-/243f/43p/4854c wt3:-/243f/243p/0c wt2:-/243f/243p/0c
319s main:-/243f/243p/4854c wt1:-/243f/43p/4854c wt3:-/243f/243p/0c wt2:-/243f/243p/0c
321s main:-/243f/243p/4854c wt1:-/243f/43p/4854c wt3:-/243f/243p/0c wt2:-/243f/243p/0c
323s main:-/243f/243p/4854c wt1:-/243f/43p/4854c wt3:-/243f/243p/0c wt2:-/243f/243p/0c
325s main:-/243f/243p/4854c wt1:-/243f/43p/4854c wt3:-/243f/243p/0c wt2:-/243f/43p/4854c
327s main:-/243f/243p/4854c wt1:-/243f/43p/4854c wt3:-/243f/243p/0c wt2:-/243f/43p/4854c
330s main:-/243f/243p/4854c wt1:-/243f/43p/4854c wt3:-/243f/243p/4854c wt2:-/243f/43p/4854c
332s main:-/243f/43p/4854c wt1:-/243f/43p/4854c wt3:-/243f/243p/4854c wt2:-/243f/43p/4854c
334s main:-/243f/43p/4854c wt1:-/243f/43p/4854c wt3:-/243f/43p/4854c wt2:-/243f/43p/4854c
336s main:-/243f/43p/4854c wt1:-/243f/43p/4854c wt3:-/243f/43p/4854c wt2:-/243f/43p/4854c
338s main:-/243f/43p/4854c wt1:-/243f/43p/4854c wt3:-/243f/43p/4854c wt2:-/243f/43p/4854c
340s main:-/243f/43p/4854c wt1:-/243f/43p/4854c wt3:-/243f/43p/4854c wt2:-/243f/43p/4854c
342s main:-/243f/43p/4854c wt1:-/243f/43p/4854c wt3:-/243f/43p/4854c wt2:-/243f/43p/4854c
345s main:-/243f/43p/4854c wt1:-/243f/43p/4854c wt3:-/243f/43p/4854c wt2:-/243f/43p/4854c
347s main:-/243f/43p/4854c wt1:-/243f/43p/4854c wt3:-/243f/43p/4854c wt2:-/243f/43p/4854c
349s main:-/243f/43p/4854c wt1:-/243f/43p/4854c wt3:-/243f/43p/4854c wt2:-/243f/43p/4854c
351s main:-/243f/43p/4854c wt1:-/243f/43p/4854c wt3:-/243f/43p/4854c wt2:-/243f/43p/4854c
353s main:-/243f/43p/4854c wt1:-/243f/43p/4854c wt3:-/243f/43p/4854c wt2:-/243f/43p/4854c
355s main:-/243f/43p/4854c wt1:-/243f/43p/4854c wt3:-/243f/43p/4854c wt2:-/243f/43p/4854c
357s main:-/243f/43p/4854c wt1:-/243f/43p/4854c wt3:-/243f/43p/4854c wt2:-/243f/43p/4854c
359s main:-/243f/43p/4854c wt1:-/243f/43p/4854c wt3:-/243f/43p/4854c wt2:-/243f/43p/4854c
361s main:-/243f/43p/4854c wt1:-/243f/43p/4854c wt3:-/243f/43p/4854c wt2:-/243f/43p/4854c
363s main:-/243f/43p/4854c wt1:-/243f/43p/4854c wt3:-/243f/43p/4854c wt2:-/243f/43p/4854c
365s main:-/243f/43p/4854c wt1:-/243f/43p/4854c wt3:-/243f/43p/4854c wt2:-/243f/43p/4854c
367s main:-/243f/43p/4854c wt1:-/243f/43p/4854c wt3:-/243f/43p/4854c wt2:-/243f/43p/4854c
369s main:-/243f/43p/4854c wt1:-/243f/43p/4854c wt3:-/243f/43p/4854c wt2:-/243f/43p/4854c
371s main:-/243f/43p/4854c wt1:-/243f/43p/4854c wt3:-/243f/43p/4854c wt2:-/243f/43p/4854c
374s main:-/243f/43p/4854c wt1:-/243f/43p/4854c wt3:-/243f/43p/4854c wt2:-/243f/43p/4854c
376s main:-/243f/43p/4854c wt1:-/243f/43p/4854c wt3:-/243f/43p/4854c wt2:-/243f/43p/4854c
378s main:-/243f/43p/4854c wt1:-/243f/43p/4854c wt3:-/243f/43p/4854c wt2:-/243f/43p/4854c
380s main:-/243f/43p/4854c wt1:-/243f/43p/4854c wt3:-/243f/43p/4854c wt2:-/243f/43p/4854c
382s main:-/243f/43p/4854c wt1:-/243f/43p/4854c wt3:-/243f/43p/4854c wt2:-/243f/43p/4854c
384s main:-/243f/43p/4854c wt1:-/243f/43p/4854c wt3:-/243f/43p/4854c wt2:-/243f/43p/4854c
386s main:-/243f/43p/4854c wt1:-/243f/43p/4854c wt3:-/243f/43p/4854c wt2:-/243f/43p/4854c
388s main:-/243f/43p/4854c wt1:-/243f/43p/4854c wt3:-/243f/43p/4854c wt2:-/243f/43p/4854c
390s main:-/243f/43p/4854c wt1:-/243f/43p/4854c wt3:-/243f/43p/4854c wt2:-/243f/43p/4854c
392s main:-/243f/43p/4854c wt1:-/243f/43p/4854c wt3:-/243f/43p/4854c wt2:-/243f/43p/4854c
394s main:-/243f/43p/4854c wt1:-/243f/43p/4854c wt3:-/243f/43p/4854c wt2:-/243f/43p/4854c
396s main:-/243f/43p/4854c wt1:-/243f/43p/4854c wt3:-/243f/43p/4854c wt2:-/243f/43p/4854c
398s main:-/243f/43p/4854c wt1:-/243f/43p/4854c wt3:-/243f/43p/4854c wt2:-/243f/43p/4854c
400s main:-/243f/43p/4854c wt1:-/243f/43p/4854c wt3:-/243f/43p/4854c wt2:-/243f/43p/4854c
402s main:-/243f/43p/4854c wt1:-/243f/43p/4854c wt3:-/243f/43p/4854c wt2:-/243f/43p/4854c
404s main:-/243f/43p/4854c wt1:-/243f/43p/4854c wt3:-/243f/43p/4854c wt2:-/243f/43p/4854c
406s main:-/243f/43p/4854c wt1:-/243f/43p/4854c wt3:-/243f/43p/4854c wt2:-/243f/43p/4854c
409s main:-/243f/43p/4854c wt1:-/243f/43p/4854c wt3:-/243f/43p/4854c wt2:-/243f/43p/4854c
411s main:-/243f/43p/4854c wt1:-/243f/43p/4854c wt3:-/243f/43p/4854c wt2:-/243f/43p/4854c
413s main:-/243f/43p/4854c wt1:-/243f/43p/4854c wt3:-/243f/43p/4854c wt2:-/243f/43p/4854c
415s main:-/243f/43p/4854c wt1:-/243f/43p/4854c wt3:-/243f/43p/4854c wt2:-/243f/43p/4854c
417s main:-/243f/43p/4854c wt1:-/243f/43p/4854c wt3:-/243f/43p/4854c wt2:-/243f/43p/4854c
419s main:-/243f/43p/4854c wt1:-/243f/43p/4854c wt3:-/243f/43p/4854c wt2:-/243f/43p/4854c
421s main:-/243f/43p/4854c wt1:-/243f/43p/4854c wt3:-/243f/43p/4854c wt2:-/243f/43p/4854c
423s main:-/243f/43p/4854c wt1:-/243f/43p/4854c wt3:-/243f/43p/4854c wt2:-/243f/43p/4854c
425s main:-/243f/43p/4854c wt1:-/243f/43p/4854c wt3:-/243f/43p/4854c wt2:-/243f/43p/4854c
427s main:-/243f/43p/4854c wt1:-/243f/43p/4854c wt3:-/243f/43p/4854c wt2:-/243f/43p/4854c
429s main:-/243f/43p/4854c wt1:-/243f/43p/4854c wt3:-/243f/43p/4854c wt2:-/243f/43p/4854c
431s main:-/243f/43p/4854c wt1:-/243f/43p/4854c wt3:-/243f/43p/4854c wt2:-/243f/43p/4854c
433s main:-/243f/43p/4854c wt1:-/243f/43p/4854c wt3:-/243f/43p/4854c wt2:-/243f/43p/4854c
435s main:-/243f/43p/4854c wt1:-/243f/43p/4854c wt3:-/243f/43p/4854c wt2:-/243f/43p/4854c
437s main:-/243f/43p/4854c wt1:-/243f/43p/4854c wt3:-/243f/43p/4854c wt2:-/243f/43p/4854c
439s main:-/243f/43p/4854c wt1:-/243f/43p/4854c wt3:-/243f/43p/4854c wt2:-/243f/43p/4854c
441s main:-/243f/43p/4854c wt1:-/243f/43p/4854c wt3:-/243f/43p/4854c wt2:-/243f/43p/4854c
443s main:-/243f/43p/4854c wt1:-/243f/43p/4854c wt3:-/243f/43p/4854c wt2:-/243f/43p/4854c
445s main:-/243f/43p/4854c wt1:-/243f/43p/4854c wt3:-/243f/43p/4854c wt2:-/243f/43p/4854c
447s main:-/243f/43p/4854c wt1:-/243f/43p/4854c wt3:-/243f/43p/4854c wt2:-/243f/43p/4854c
449s main:-/243f/43p/4854c wt1:-/243f/43p/4854c wt3:-/243f/43p/4854c wt2:-/243f/43p/4854c
451s main:-/243f/43p/4854c wt1:-/243f/43p/4854c wt3:-/243f/43p/4854c wt2:-/243f/43p/4854c
453s main:-/243f/43p/4854c wt1:-/243f/43p/4854c wt3:-/243f/43p/4854c wt2:-/243f/43p/4854c
455s main:-/243f/43p/4854c wt1:-/243f/43p/4854c wt3:-/243f/43p/4854c wt2:-/243f/43p/4854c
457s main:-/243f/43p/4854c wt1:-/243f/43p/4854c wt3:-/243f/43p/4854c wt2:-/243f/43p/4854c
459s main:-/243f/43p/4854c wt1:-/243f/43p/4854c wt3:-/243f/43p/4854c wt2:-/243f/43p/4854c
461s main:-/243f/43p/4854c wt1:-/243f/43p/4854c wt3:-/243f/43p/4854c wt2:-/243f/43p/4854c
463s main:-/243f/43p/4854c wt1:completed/243f/0p/6232c wt3:-/243f/43p/4854c wt2:completed/243f/0p/6232c
465s main:completed/243f/0p/6232c wt1:completed/243f/0p/6232c wt3:completed/243f/0p/6232c wt2:completed/243f/0p/6232c
ARM today wall 465.5 s
loadavg at end 64.61 67.78 57.78 79/3085 1591892
┌─────────┬────────┬──────┬───────────┬───────────┐
│ (index) │ wt     │ runs │ files_run │ tier_secs │
├─────────┼────────┼──────┼───────────┼───────────┤
│ 0       │ 'main' │ 2    │ 243       │ 133.8     │
│ 1       │ '/wt2' │ 2    │ 243       │ 437.1     │
│ 2       │ '/wt1' │ 2    │ 243       │ 430.1     │
│ 3       │ '/wt3' │ 2    │ 243       │ 132.3     │
└─────────┴────────┴──────┴───────────┴───────────┘
┌─────────┬─────────────┬───┐
│ (index) │ end_state   │ n │
├─────────┼─────────────┼───┤
│ 0       │ null        │ 2 │
│ 1       │ 'completed' │ 6 │
└─────────┴─────────────┴───┘
┌─────────┬────────────┬─────────────┬───┐
│ (index) │ kind       │ end_state   │ n │
├─────────┼────────────┼─────────────┼───┤
│ 0       │ 'baseline' │ 'completed' │ 4 │
└─────────┴────────────┴─────────────┴───┘
┌─────────┬─────────┬──────┐
│ (index) │ outcome │ n    │
├─────────┼─────────┼──────┤
│ 0       │ 'pass'  │ 6232 │
└─────────┴─────────┴──────┘
/tmp/sr201/cz/main: wall 467.05 user 627.17 sys 91.07 maxrss 855232KB
/tmp/sr201/cz/wt1: wall 466.47 user 622.45 sys 92.09 maxrss 870364KB
/tmp/sr201/cz/wt2: wall 467.06 user 630.46 sys 92.32 maxrss 765412KB
/tmp/sr201/cz/wt3: wall 466.66 user 625.09 sys 92.25 maxrss 861464KB
ARM today total CPU 2872.9 s
