start 02:39:04 loadavg 29.44 58.50 57.24 2/1150 2334083
2s main:-/0f/0p/0c wt2:-/0f/0p/0c wt3:-/0f/0p/0c wt1:-/0f/0p/0c
4s main:-/0f/0p/0c wt2:-/0f/0p/0c wt3:-/0f/0p/0c wt1:-/0f/0p/0c
6s main:-/243f/243p/0c wt2:-/243f/243p/0c wt3:-/0f/0p/0c wt1:-/243f/243p/0c
8s main:-/243f/243p/0c wt2:-/243f/243p/0c wt3:-/243f/243p/0c wt1:-/243f/243p/0c
10s main:-/243f/243p/0c wt2:-/243f/243p/0c wt3:-/243f/243p/0c wt1:-/243f/243p/0c
12s main:-/243f/243p/0c wt2:-/243f/243p/0c wt3:-/243f/243p/0c wt1:-/243f/243p/0c
14s main:-/243f/243p/0c wt2:-/243f/243p/0c wt3:-/243f/243p/0c wt1:-/243f/243p/0c
16s main:-/243f/243p/0c wt2:-/243f/243p/0c wt3:-/243f/243p/0c wt1:-/243f/243p/0c
18s main:-/243f/243p/0c wt2:-/243f/243p/0c wt3:-/243f/243p/0c wt1:-/243f/243p/0c
20s main:-/243f/243p/0c wt2:-/243f/243p/0c wt3:-/243f/243p/0c wt1:-/243f/243p/0c
22s main:-/243f/243p/0c wt2:-/243f/243p/0c wt3:-/243f/243p/0c wt1:-/243f/243p/0c
24s main:-/243f/243p/0c wt2:-/243f/243p/0c wt3:-/243f/243p/0c wt1:-/243f/243p/0c
26s main:-/243f/243p/0c wt2:-/243f/243p/0c wt3:-/243f/243p/0c wt1:-/243f/243p/0c
28s main:-/243f/243p/0c wt2:-/243f/243p/0c wt3:-/243f/243p/0c wt1:-/243f/243p/0c
30s main:-/243f/243p/0c wt2:-/243f/243p/0c wt3:-/243f/243p/0c wt1:-/243f/243p/0c
32s main:-/243f/243p/0c wt2:-/243f/243p/0c wt3:-/243f/243p/0c wt1:-/243f/243p/0c
34s main:-/243f/243p/0c wt2:-/243f/243p/0c wt3:-/243f/243p/0c wt1:-/243f/243p/0c
36s main:-/243f/243p/0c wt2:-/243f/243p/0c wt3:-/243f/243p/0c wt1:-/243f/243p/0c
38s main:-/243f/243p/0c wt2:-/243f/243p/0c wt3:-/243f/243p/0c wt1:-/243f/179p/1577c
40s main:-/243f/243p/0c wt2:-/243f/243p/0c wt3:-/243f/243p/0c wt1:-/243f/179p/1577c
42s main:-/243f/243p/0c wt2:-/243f/243p/0c wt3:-/243f/243p/0c wt1:-/243f/179p/1577c
44s main:-/243f/243p/0c wt2:-/243f/243p/0c wt3:-/243f/243p/0c wt1:-/243f/179p/1577c
46s main:-/243f/243p/0c wt2:-/243f/243p/0c wt3:-/243f/243p/0c wt1:-/243f/179p/1577c
48s main:-/243f/243p/0c wt2:-/243f/243p/0c wt3:-/243f/243p/0c wt1:-/243f/179p/1577c
50s main:-/243f/243p/0c wt2:-/243f/243p/0c wt3:-/243f/243p/0c wt1:-/243f/179p/1577c
52s main:-/243f/243p/0c wt2:-/243f/243p/0c wt3:-/243f/243p/0c wt1:-/243f/179p/1577c
54s main:-/243f/243p/0c wt2:-/243f/243p/0c wt3:-/243f/243p/0c wt1:-/243f/179p/1577c
56s main:-/243f/243p/0c wt2:-/243f/243p/0c wt3:-/243f/243p/0c wt1:-/243f/179p/1577c
58s main:-/243f/243p/0c wt2:-/243f/243p/0c wt3:-/243f/243p/0c wt1:-/243f/179p/1577c
60s main:-/243f/243p/0c wt2:-/243f/243p/0c wt3:-/243f/243p/0c wt1:-/243f/179p/1577c
62s main:-/243f/243p/0c wt2:-/243f/243p/0c wt3:-/243f/243p/0c wt1:-/243f/179p/1577c
64s main:-/243f/243p/0c wt2:-/243f/243p/0c wt3:-/243f/243p/0c wt1:-/243f/179p/1577c
66s main:-/243f/243p/0c wt2:-/243f/243p/0c wt3:-/243f/243p/0c wt1:-/243f/179p/1577c
68s main:-/243f/243p/0c wt2:-/243f/243p/0c wt3:-/243f/243p/0c wt1:-/243f/179p/1577c
70s main:-/243f/243p/0c wt2:-/243f/243p/0c wt3:-/243f/243p/0c wt1:-/243f/179p/1577c
72s main:-/243f/243p/0c wt2:-/243f/243p/0c wt3:-/243f/243p/0c wt1:-/243f/179p/1577c
74s main:-/243f/243p/0c wt2:-/243f/243p/0c wt3:-/243f/243p/0c wt1:-/243f/179p/1577c
76s main:-/243f/243p/0c wt2:-/243f/243p/0c wt3:-/243f/243p/0c wt1:-/243f/179p/1577c
78s main:-/243f/243p/0c wt2:-/243f/243p/0c wt3:-/243f/243p/0c wt1:-/243f/179p/1577c
80s main:-/243f/243p/0c wt2:-/243f/243p/0c wt3:-/243f/243p/0c wt1:-/243f/179p/1577c
82s main:-/243f/243p/0c wt2:-/243f/243p/0c wt3:-/243f/243p/0c wt1:-/243f/179p/1577c
84s main:-/243f/243p/0c wt2:-/243f/243p/0c wt3:-/243f/243p/0c wt1:-/243f/179p/1577c
86s main:-/243f/243p/0c wt2:-/243f/243p/0c wt3:-/243f/243p/0c wt1:-/243f/179p/1577c
88s main:-/243f/243p/0c wt2:-/243f/243p/0c wt3:-/243f/243p/0c wt1:-/243f/179p/1577c
90s main:-/243f/64p/4701c wt2:-/243f/243p/0c wt3:-/243f/64p/4701c wt1:-/243f/64p/4701c
92s main:-/243f/64p/4701c wt2:-/243f/243p/0c wt3:-/243f/64p/4701c wt1:-/243f/64p/4701c
94s main:-/243f/64p/4701c wt2:-/243f/243p/0c wt3:-/243f/64p/4701c wt1:-/243f/64p/4701c
96s main:-/243f/64p/4701c wt2:-/243f/243p/0c wt3:-/243f/64p/4701c wt1:-/243f/64p/4701c
98s main:-/243f/64p/4701c wt2:-/243f/243p/0c wt3:-/243f/64p/4701c wt1:-/243f/64p/4701c
100s main:-/243f/64p/4701c wt2:-/243f/243p/0c wt3:-/243f/64p/4701c wt1:-/243f/64p/4701c
102s main:-/243f/64p/4701c wt2:-/243f/243p/0c wt3:-/243f/64p/4701c wt1:-/243f/64p/4701c
104s main:-/243f/64p/4701c wt2:-/243f/243p/0c wt3:-/243f/64p/4701c wt1:-/243f/64p/4701c
106s main:-/243f/64p/4701c wt2:-/243f/243p/0c wt3:-/243f/64p/4701c wt1:-/243f/64p/4701c
108s main:-/243f/64p/4701c wt2:-/243f/243p/0c wt3:-/243f/64p/4701c wt1:-/243f/64p/4701c
110s main:-/243f/64p/4701c wt2:-/243f/243p/0c wt3:-/243f/64p/4701c wt1:-/243f/64p/4701c
112s main:-/243f/64p/4701c wt2:-/243f/243p/0c wt3:-/243f/64p/4701c wt1:-/243f/64p/4701c
114s main:-/243f/64p/4701c wt2:-/243f/243p/0c wt3:-/243f/64p/4701c wt1:-/243f/64p/4701c
116s main:-/243f/64p/4701c wt2:-/243f/243p/0c wt3:-/243f/64p/4701c wt1:-/243f/64p/4701c
118s main:-/243f/64p/4701c wt2:-/243f/243p/0c wt3:-/243f/64p/4701c wt1:-/243f/64p/4701c
120s main:-/243f/64p/4701c wt2:-/243f/243p/0c wt3:-/243f/64p/4701c wt1:-/243f/64p/4701c
122s main:-/243f/64p/4701c wt2:-/243f/243p/0c wt3:-/243f/64p/4701c wt1:-/243f/64p/4701c
124s main:-/243f/64p/4701c wt2:-/243f/243p/0c wt3:-/243f/64p/4701c wt1:-/243f/64p/4701c
126s main:-/243f/64p/4701c wt2:-/243f/243p/0c wt3:-/243f/64p/4701c wt1:-/243f/64p/4701c
128s main:-/243f/64p/4701c wt2:-/243f/243p/0c wt3:-/243f/64p/4701c wt1:-/243f/64p/4701c
130s main:-/243f/64p/4701c wt2:completed/243f/0p/6232c wt3:-/243f/64p/4701c wt1:-/243f/64p/4701c
133s main:completed/243f/0p/6232c wt2:completed/243f/0p/6232c wt3:completed/243f/0p/6232c wt1:completed/243f/0p/6232c
ARM proto64 wall 132.5 s
loadavg at end 21.77 46.79 53.15 5/982 2381244
┌─────────┬────────┬──────┬───────────┬───────────┐
│ (index) │ wt     │ runs │ files_run │ tier_secs │
├─────────┼────────┼──────┼───────────┼───────────┤
│ 0       │ 'main' │ 1    │ 64        │ 82.9      │
│ 1       │ '/wt2' │ 1    │ 64        │ 123.8     │
│ 2       │ '/wt1' │ 1    │ 64        │ 31.8      │
│ 3       │ '/wt3' │ 1    │ 51        │ 82.9      │
└─────────┴────────┴──────┴───────────┴───────────┘
┌─────────┬─────────────┬───┐
│ (index) │ end_state   │ n │
├─────────┼─────────────┼───┤
│ 0       │ 'completed' │ 4 │
└─────────┴─────────────┴───┘
┌─────────┬────────────┬─────────────┬───┐
│ (index) │ kind       │ end_state   │ n │
├─────────┼────────────┼─────────────┼───┤
│ 0       │ 'baseline' │ 'completed' │ 4 │
└─────────┴────────────┴─────────────┴───┘
┌─────────┬─────────┬──────┐
│ (index) │ outcome │ n    │
├─────────┼─────────┼──────┤
│ 0       │ 'pass'  │ 6232 │
└─────────┴─────────┴──────┘
/tmp/sr201/cz/main: wall 132.69 user 138.18 sys 24.24 maxrss 757504KB
/tmp/sr201/cz/wt1: wall 132.71 user 74.64 sys 15.76 maxrss 736560KB
/tmp/sr201/cz/wt2: wall 132.67 user 221.05 sys 27.26 maxrss 916756KB
/tmp/sr201/cz/wt3: wall 132.68 user 141.57 sys 22.49 maxrss 875012KB
ARM proto64 total CPU 665.2 s
