start 01:57:44 loadavg 18.37 4.11 1.77 59/2839 897953
2s main:-/0f/0p/0c wt1:-/0f/0p/0c wt3:-/0f/0p/0c wt2:-/0f/0p/0c
4s main:-/0f/0p/0c wt1:-/0f/0p/0c wt3:-/0f/0p/0c wt2:-/0f/0p/0c
6s main:-/0f/0p/0c wt1:-/0f/0p/0c wt3:-/0f/0p/0c wt2:-/0f/0p/0c
9s main:-/0f/0p/0c wt1:-/0f/0p/0c wt3:-/0f/0p/0c wt2:-/0f/0p/0c
11s main:-/0f/0p/0c wt1:-/0f/0p/0c wt3:-/0f/0p/0c wt2:-/0f/0p/0c
13s main:-/0f/0p/0c wt1:-/0f/0p/0c wt3:-/0f/0p/0c wt2:-/0f/0p/0c
15s main:-/0f/0p/0c wt1:-/0f/0p/0c wt3:-/0f/0p/0c wt2:-/0f/0p/0c
17s main:-/0f/0p/0c wt1:-/0f/0p/0c wt3:-/0f/0p/0c wt2:-/0f/0p/0c
19s main:-/0f/0p/0c wt1:-/243f/243p/0c wt3:-/0f/0p/0c wt2:-/0f/0p/0c
21s main:-/243f/243p/0c wt1:-/243f/243p/0c wt3:-/243f/243p/0c wt2:-/243f/243p/0c
23s main:-/243f/243p/0c wt1:-/243f/243p/0c wt3:-/243f/243p/0c wt2:-/243f/243p/0c
25s main:-/243f/243p/0c wt1:-/243f/243p/0c wt3:-/243f/243p/0c wt2:-/243f/243p/0c
27s main:-/243f/243p/0c wt1:-/243f/243p/0c wt3:-/243f/243p/0c wt2:-/243f/243p/0c
29s main:-/243f/243p/0c wt1:-/243f/243p/0c wt3:-/243f/243p/0c wt2:-/243f/243p/0c
31s main:-/243f/243p/0c wt1:-/243f/243p/0c wt3:-/243f/243p/0c wt2:-/243f/243p/0c
33s main:-/243f/243p/0c wt1:-/243f/243p/0c wt3:-/243f/243p/0c wt2:-/243f/243p/0c
35s main:-/243f/243p/0c wt1:-/243f/243p/0c wt3:-/243f/243p/0c wt2:-/243f/243p/0c
37s main:-/243f/243p/0c wt1:-/243f/243p/0c wt3:-/243f/243p/0c wt2:-/243f/243p/0c
39s main:-/243f/243p/0c wt1:-/243f/243p/0c wt3:-/243f/243p/0c wt2:-/243f/243p/0c
41s main:-/243f/243p/0c wt1:-/243f/243p/0c wt3:-/243f/243p/0c wt2:-/243f/243p/0c
43s main:-/243f/243p/0c wt1:-/243f/243p/0c wt3:-/243f/243p/0c wt2:-/243f/243p/0c
45s main:-/243f/243p/0c wt1:-/243f/243p/0c wt3:-/243f/243p/0c wt2:-/243f/243p/0c
47s main:-/243f/243p/0c wt1:-/243f/243p/0c wt3:-/243f/243p/0c wt2:-/243f/243p/0c
49s main:-/243f/243p/0c wt1:-/243f/243p/0c wt3:-/243f/243p/0c wt2:-/243f/243p/0c
52s main:-/243f/243p/0c wt1:-/243f/243p/0c wt3:-/243f/243p/0c wt2:-/243f/243p/0c
54s main:-/243f/243p/0c wt1:-/243f/243p/0c wt3:-/243f/243p/0c wt2:-/243f/243p/0c
56s main:-/243f/243p/0c wt1:-/243f/243p/0c wt3:-/243f/243p/0c wt2:-/243f/243p/0c
58s main:-/243f/243p/0c wt1:-/243f/243p/0c wt3:-/243f/243p/0c wt2:-/243f/243p/0c
60s main:-/243f/243p/0c wt1:-/243f/243p/0c wt3:-/243f/243p/0c wt2:-/243f/243p/0c
62s main:-/243f/243p/0c wt1:-/243f/243p/0c wt3:-/243f/243p/0c wt2:-/243f/243p/0c
64s main:-/243f/243p/0c wt1:-/243f/243p/0c wt3:-/243f/243p/0c wt2:-/243f/243p/0c
66s main:-/243f/243p/0c wt1:-/243f/243p/0c wt3:-/243f/243p/0c wt2:-/243f/243p/0c
68s main:-/243f/243p/0c wt1:-/243f/243p/0c wt3:-/243f/243p/0c wt2:-/243f/243p/0c
70s main:-/243f/243p/0c wt1:-/243f/243p/0c wt3:-/243f/243p/0c wt2:-/243f/243p/0c
72s main:-/243f/243p/0c wt1:-/243f/243p/0c wt3:-/243f/243p/0c wt2:-/243f/243p/0c
74s main:-/243f/243p/0c wt1:-/243f/243p/0c wt3:-/243f/243p/0c wt2:-/243f/243p/0c
76s main:-/243f/243p/0c wt1:-/243f/243p/0c wt3:-/243f/243p/0c wt2:-/243f/243p/0c
78s main:-/243f/243p/0c wt1:-/243f/243p/0c wt3:-/243f/243p/0c wt2:-/243f/243p/0c
81s main:-/243f/243p/0c wt1:-/243f/243p/0c wt3:-/243f/243p/0c wt2:-/243f/243p/0c
83s main:-/243f/243p/0c wt1:-/243f/243p/0c wt3:-/243f/243p/0c wt2:-/243f/243p/0c
85s main:-/243f/243p/0c wt1:-/243f/243p/0c wt3:-/243f/243p/0c wt2:-/243f/243p/0c
87s main:-/243f/243p/0c wt1:-/243f/243p/0c wt3:-/243f/243p/0c wt2:-/243f/243p/0c
89s main:-/243f/243p/0c wt1:-/243f/243p/0c wt3:-/243f/243p/0c wt2:-/243f/243p/0c
91s main:-/243f/243p/0c wt1:-/243f/243p/0c wt3:-/243f/243p/0c wt2:-/243f/243p/0c
93s main:-/243f/243p/0c wt1:-/243f/243p/0c wt3:-/243f/243p/0c wt2:-/243f/243p/0c
95s main:-/243f/243p/0c wt1:-/243f/243p/0c wt3:-/243f/243p/0c wt2:-/243f/243p/0c
97s main:-/243f/243p/0c wt1:-/243f/243p/0c wt3:-/243f/243p/0c wt2:-/243f/243p/0c
99s main:-/243f/243p/0c wt1:-/243f/243p/0c wt3:-/243f/243p/0c wt2:-/243f/243p/0c
101s main:-/243f/243p/0c wt1:-/243f/243p/0c wt3:-/243f/243p/0c wt2:-/243f/243p/0c
103s main:-/243f/243p/0c wt1:-/243f/243p/0c wt3:-/243f/243p/0c wt2:-/243f/243p/0c
105s main:-/243f/243p/0c wt1:-/243f/243p/0c wt3:-/243f/243p/0c wt2:-/243f/243p/0c
108s main:-/243f/243p/0c wt1:-/243f/243p/0c wt3:-/243f/243p/0c wt2:-/243f/243p/0c
110s main:-/243f/243p/0c wt1:-/243f/243p/0c wt3:-/243f/243p/0c wt2:-/243f/243p/0c
112s main:-/243f/243p/0c wt1:-/243f/243p/0c wt3:-/243f/243p/0c wt2:-/243f/243p/0c
114s main:-/243f/243p/0c wt1:-/243f/243p/0c wt3:-/243f/243p/0c wt2:-/243f/243p/0c
116s main:-/243f/243p/0c wt1:-/243f/243p/0c wt3:-/243f/243p/0c wt2:-/243f/243p/0c
118s main:-/243f/243p/0c wt1:-/243f/243p/0c wt3:-/243f/243p/0c wt2:-/243f/243p/0c
121s main:-/243f/243p/0c wt1:-/243f/243p/0c wt3:-/243f/243p/0c wt2:-/243f/243p/0c
123s main:-/243f/243p/0c wt1:-/243f/243p/0c wt3:-/243f/243p/0c wt2:-/243f/243p/0c
125s main:-/243f/243p/0c wt1:-/243f/243p/0c wt3:-/243f/243p/0c wt2:-/243f/243p/0c
127s main:-/243f/243p/0c wt1:-/243f/243p/0c wt3:-/243f/243p/0c wt2:-/243f/243p/0c
129s main:-/243f/243p/0c wt1:-/243f/243p/0c wt3:-/243f/243p/0c wt2:-/243f/243p/0c
131s main:-/243f/243p/0c wt1:-/243f/243p/0c wt3:-/243f/243p/0c wt2:-/243f/243p/0c
133s main:-/243f/243p/0c wt1:-/243f/243p/0c wt3:-/243f/243p/0c wt2:-/243f/243p/0c
135s main:-/243f/243p/0c wt1:-/243f/243p/0c wt3:-/243f/243p/0c wt2:-/243f/243p/0c
137s main:-/243f/243p/0c wt1:-/243f/243p/0c wt3:-/243f/243p/0c wt2:-/243f/243p/0c
139s main:-/243f/243p/0c wt1:-/243f/243p/0c wt3:-/243f/243p/0c wt2:-/243f/243p/0c
141s main:-/243f/243p/0c wt1:-/243f/243p/0c wt3:-/243f/243p/0c wt2:-/243f/243p/0c
144s main:-/243f/243p/0c wt1:-/243f/243p/0c wt3:-/243f/243p/0c wt2:-/243f/243p/0c
146s main:-/243f/243p/0c wt1:-/243f/243p/0c wt3:-/243f/243p/0c wt2:-/243f/243p/0c
148s main:-/243f/243p/0c wt1:-/243f/243p/0c wt3:-/243f/243p/0c wt2:-/243f/243p/0c
150s main:-/243f/243p/0c wt1:-/243f/243p/0c wt3:-/243f/243p/0c wt2:-/243f/243p/0c
152s main:-/243f/243p/0c wt1:-/243f/243p/0c wt3:-/243f/243p/0c wt2:-/243f/243p/0c
154s main:-/243f/243p/0c wt1:-/243f/243p/0c wt3:-/243f/243p/0c wt2:-/243f/243p/0c
156s main:-/243f/243p/0c wt1:-/243f/243p/0c wt3:-/243f/243p/0c wt2:-/243f/243p/0c
158s main:-/243f/243p/0c wt1:-/243f/243p/0c wt3:-/243f/243p/0c wt2:-/243f/243p/0c
160s main:-/243f/243p/0c wt1:-/243f/243p/0c wt3:-/243f/243p/0c wt2:-/243f/243p/0c
162s main:-/243f/243p/0c wt1:-/243f/243p/0c wt3:-/243f/243p/0c wt2:-/243f/243p/0c
164s main:-/243f/243p/0c wt1:-/243f/243p/0c wt3:-/243f/243p/0c wt2:-/243f/243p/0c
166s main:-/243f/243p/0c wt1:-/243f/243p/0c wt3:-/243f/243p/0c wt2:-/243f/243p/0c
168s main:-/243f/243p/0c wt1:-/243f/243p/0c wt3:-/243f/243p/0c wt2:-/243f/243p/0c
170s main:-/243f/243p/0c wt1:-/243f/243p/0c wt3:-/243f/243p/0c wt2:-/243f/243p/0c
172s main:-/243f/243p/0c wt1:-/243f/243p/0c wt3:-/243f/243p/0c wt2:-/243f/243p/0c
174s main:-/243f/243p/0c wt1:-/243f/243p/0c wt3:-/243f/243p/0c wt2:-/243f/243p/0c
176s main:-/243f/243p/0c wt1:-/243f/243p/0c wt3:-/243f/243p/0c wt2:-/243f/243p/0c
178s main:-/243f/243p/0c wt1:-/243f/243p/0c wt3:-/243f/243p/0c wt2:-/243f/243p/0c
180s main:-/243f/243p/0c wt1:-/243f/243p/0c wt3:-/243f/243p/0c wt2:-/243f/243p/0c
182s main:-/243f/243p/0c wt1:-/243f/243p/0c wt3:-/243f/243p/0c wt2:-/243f/243p/0c
184s main:-/243f/243p/0c wt1:-/243f/243p/0c wt3:-/243f/243p/0c wt2:-/243f/243p/0c
186s main:-/243f/243p/0c wt1:-/243f/243p/0c wt3:-/243f/243p/0c wt2:-/243f/243p/0c
188s main:-/243f/243p/0c wt1:-/243f/243p/0c wt3:-/243f/243p/0c wt2:-/243f/243p/0c
190s main:-/243f/243p/0c wt1:-/243f/243p/0c wt3:-/243f/243p/0c wt2:-/243f/243p/0c
192s main:-/243f/243p/0c wt1:-/243f/243p/0c wt3:-/243f/243p/0c wt2:-/243f/243p/0c
194s main:-/243f/243p/0c wt1:-/243f/243p/0c wt3:-/243f/243p/0c wt2:-/243f/243p/0c
196s main:-/243f/243p/0c wt1:-/243f/243p/0c wt3:-/243f/243p/0c wt2:-/243f/243p/0c
198s main:-/243f/243p/0c wt1:-/243f/243p/0c wt3:-/243f/243p/0c wt2:-/243f/243p/0c
200s main:-/243f/243p/0c wt1:-/243f/243p/0c wt3:-/243f/243p/0c wt2:-/243f/243p/0c
202s main:-/243f/243p/0c wt1:-/243f/243p/0c wt3:-/243f/243p/0c wt2:-/243f/243p/0c
204s main:-/243f/243p/0c wt1:-/243f/243p/0c wt3:-/243f/243p/0c wt2:-/243f/243p/0c
206s main:-/243f/243p/0c wt1:-/243f/243p/0c wt3:-/243f/243p/0c wt2:-/243f/243p/0c
208s main:-/243f/243p/0c wt1:-/243f/243p/0c wt3:-/243f/243p/0c wt2:-/243f/243p/0c
210s main:-/243f/243p/0c wt1:-/243f/243p/0c wt3:-/243f/243p/0c wt2:-/243f/243p/0c
212s main:-/243f/243p/0c wt1:-/243f/243p/0c wt3:-/243f/243p/0c wt2:-/243f/243p/0c
214s main:-/243f/243p/0c wt1:-/243f/243p/0c wt3:-/243f/243p/0c wt2:-/243f/243p/0c
216s main:-/243f/243p/0c wt1:-/243f/243p/0c wt3:-/243f/243p/0c wt2:-/243f/243p/0c
218s main:-/243f/243p/0c wt1:-/243f/243p/0c wt3:-/243f/243p/0c wt2:-/243f/243p/0c
220s main:-/243f/243p/0c wt1:-/243f/243p/0c wt3:-/243f/243p/0c wt2:-/243f/243p/0c
222s main:-/243f/243p/0c wt1:-/243f/243p/0c wt3:-/243f/243p/0c wt2:-/243f/243p/0c
224s main:-/243f/243p/0c wt1:-/243f/243p/0c wt3:-/243f/243p/0c wt2:-/243f/243p/0c
226s main:-/243f/243p/0c wt1:-/243f/243p/0c wt3:-/243f/243p/0c wt2:-/243f/243p/0c
228s main:-/243f/243p/0c wt1:-/243f/243p/0c wt3:-/243f/243p/0c wt2:-/243f/243p/0c
230s main:-/243f/243p/0c wt1:-/243f/243p/0c wt3:-/243f/243p/0c wt2:-/243f/243p/0c
233s main:-/243f/243p/0c wt1:-/243f/243p/0c wt3:-/243f/243p/0c wt2:-/243f/243p/0c
235s main:-/243f/243p/0c wt1:-/243f/243p/0c wt3:-/243f/243p/0c wt2:-/243f/243p/0c
237s main:-/243f/243p/0c wt1:-/243f/243p/0c wt3:-/243f/243p/0c wt2:-/243f/243p/0c
239s main:-/243f/243p/0c wt1:-/243f/243p/0c wt3:-/243f/243p/0c wt2:-/243f/243p/0c
241s main:-/243f/243p/0c wt1:-/243f/243p/0c wt3:-/243f/243p/0c wt2:-/243f/243p/0c
243s main:-/243f/243p/0c wt1:-/243f/243p/0c wt3:-/243f/243p/0c wt2:-/243f/243p/0c
245s main:-/243f/243p/0c wt1:-/243f/243p/0c wt3:-/243f/243p/0c wt2:-/243f/243p/0c
247s main:-/243f/243p/0c wt1:-/243f/243p/0c wt3:-/243f/243p/0c wt2:-/243f/243p/0c
249s main:-/243f/243p/0c wt1:-/243f/243p/0c wt3:-/243f/243p/0c wt2:-/243f/243p/0c
251s main:-/243f/243p/0c wt1:-/243f/243p/0c wt3:-/243f/243p/0c wt2:-/243f/243p/0c
253s main:-/243f/243p/0c wt1:-/243f/243p/0c wt3:-/243f/243p/0c wt2:-/243f/243p/0c
255s main:-/243f/243p/0c wt1:-/243f/243p/0c wt3:-/243f/243p/0c wt2:-/243f/243p/0c
258s main:-/243f/243p/0c wt1:-/243f/243p/0c wt3:-/243f/243p/0c wt2:-/243f/243p/0c
260s main:-/243f/243p/0c wt1:-/243f/243p/0c wt3:-/243f/243p/0c wt2:-/243f/243p/0c
262s main:-/243f/243p/0c wt1:-/243f/243p/0c wt3:-/243f/243p/0c wt2:-/243f/243p/0c
264s main:-/243f/243p/0c wt1:-/243f/243p/0c wt3:-/243f/243p/0c wt2:-/243f/243p/0c
266s main:-/243f/243p/0c wt1:-/243f/243p/0c wt3:-/243f/243p/0c wt2:-/243f/243p/0c
269s main:-/243f/243p/0c wt1:-/243f/243p/0c wt3:-/243f/243p/0c wt2:-/243f/243p/0c
271s main:-/243f/243p/0c wt1:-/243f/243p/0c wt3:-/243f/243p/0c wt2:-/243f/243p/0c
273s main:-/243f/243p/0c wt1:-/243f/243p/0c wt3:-/243f/243p/0c wt2:-/243f/243p/0c
275s main:-/243f/243p/0c wt1:-/243f/243p/0c wt3:-/243f/243p/0c wt2:-/243f/243p/0c
277s main:-/243f/243p/0c wt1:-/243f/243p/0c wt3:-/243f/243p/0c wt2:-/243f/243p/0c
279s main:-/243f/243p/0c wt1:-/243f/243p/0c wt3:-/243f/243p/0c wt2:-/243f/243p/0c
281s main:-/243f/243p/0c wt1:-/243f/243p/0c wt3:-/243f/243p/0c wt2:-/243f/243p/0c
283s main:-/243f/243p/0c wt1:-/243f/243p/0c wt3:-/243f/243p/0c wt2:-/243f/243p/0c
285s main:-/243f/243p/0c wt1:-/243f/243p/0c wt3:-/243f/243p/0c wt2:-/243f/243p/0c
288s main:-/243f/243p/0c wt1:-/243f/243p/0c wt3:-/243f/243p/0c wt2:-/243f/243p/0c
290s main:-/243f/243p/0c wt1:-/243f/243p/0c wt3:-/243f/243p/0c wt2:-/243f/243p/0c
292s main:-/243f/243p/0c wt1:-/243f/243p/0c wt3:-/243f/243p/0c wt2:-/243f/243p/0c
294s main:-/243f/243p/0c wt1:-/243f/243p/0c wt3:-/243f/243p/0c wt2:-/243f/243p/0c
296s main:-/243f/243p/0c wt1:-/243f/243p/0c wt3:-/243f/243p/0c wt2:-/243f/243p/0c
298s main:-/243f/243p/0c wt1:-/243f/243p/0c wt3:-/243f/243p/0c wt2:-/243f/243p/0c
300s main:-/243f/243p/0c wt1:-/243f/243p/0c wt3:-/243f/243p/0c wt2:-/243f/243p/0c
303s main:-/243f/243p/0c wt1:-/243f/243p/0c wt3:-/243f/243p/0c wt2:-/243f/243p/0c
305s main:-/243f/243p/0c wt1:-/243f/243p/0c wt3:-/243f/243p/0c wt2:-/243f/243p/0c
307s main:-/243f/243p/0c wt1:-/243f/243p/0c wt3:-/243f/243p/0c wt2:-/243f/243p/0c
309s main:-/243f/243p/0c wt1:-/243f/243p/0c wt3:-/243f/243p/0c wt2:-/243f/243p/0c
311s main:-/243f/243p/0c wt1:-/243f/243p/0c wt3:-/243f/243p/0c wt2:-/243f/243p/0c
313s main:-/243f/243p/0c wt1:-/243f/243p/0c wt3:-/243f/243p/0c wt2:-/243f/243p/0c
315s main:-/243f/243p/0c wt1:-/243f/243p/0c wt3:-/243f/243p/0c wt2:-/243f/243p/0c
318s main:-/243f/243p/0c wt1:-/243f/243p/0c wt3:-/243f/243p/0c wt2:-/243f/243p/0c
320s main:-/243f/243p/0c wt1:-/243f/243p/0c wt3:-/243f/243p/0c wt2:-/243f/243p/0c
322s main:-/243f/243p/0c wt1:-/243f/243p/0c wt3:-/243f/243p/0c wt2:-/243f/243p/0c
324s main:-/243f/243p/0c wt1:-/243f/243p/0c wt3:-/243f/243p/0c wt2:-/243f/243p/0c
326s main:-/243f/243p/0c wt1:-/243f/243p/0c wt3:-/243f/243p/0c wt2:-/243f/243p/0c
328s main:-/243f/243p/0c wt1:-/243f/243p/0c wt3:-/243f/243p/0c wt2:-/243f/243p/0c
330s main:-/243f/243p/0c wt1:-/243f/243p/0c wt3:-/243f/243p/0c wt2:-/243f/243p/0c
332s main:-/243f/243p/0c wt1:-/243f/243p/0c wt3:-/243f/243p/0c wt2:-/243f/243p/0c
334s main:-/243f/243p/0c wt1:-/243f/243p/0c wt3:-/243f/243p/0c wt2:-/243f/243p/0c
336s main:-/243f/243p/0c wt1:-/243f/243p/0c wt3:-/243f/243p/0c wt2:-/243f/243p/0c
339s main:-/243f/243p/0c wt1:-/243f/243p/0c wt3:-/243f/243p/0c wt2:-/243f/243p/0c
341s main:-/243f/243p/0c wt1:-/243f/243p/0c wt3:-/243f/243p/0c wt2:-/243f/243p/0c
343s main:-/243f/243p/0c wt1:-/243f/243p/0c wt3:-/243f/243p/0c wt2:-/243f/243p/0c
345s main:-/243f/243p/0c wt1:-/243f/243p/0c wt3:-/243f/243p/0c wt2:-/243f/243p/0c
347s main:-/243f/243p/0c wt1:-/243f/243p/0c wt3:-/243f/243p/0c wt2:-/243f/243p/0c
349s main:-/243f/243p/0c wt1:-/243f/243p/0c wt3:-/243f/243p/0c wt2:-/243f/243p/0c
351s main:-/243f/243p/0c wt1:-/243f/243p/0c wt3:-/243f/243p/0c wt2:-/243f/243p/0c
353s main:-/243f/243p/0c wt1:-/243f/243p/0c wt3:-/243f/243p/0c wt2:-/243f/243p/0c
355s main:-/243f/243p/0c wt1:-/243f/243p/0c wt3:-/243f/243p/0c wt2:-/243f/243p/0c
358s main:-/243f/243p/0c wt1:-/243f/243p/0c wt3:-/243f/243p/0c wt2:-/243f/243p/0c
360s main:-/243f/243p/0c wt1:-/243f/243p/0c wt3:-/243f/243p/0c wt2:-/243f/243p/0c
362s main:-/243f/243p/0c wt1:-/243f/243p/0c wt3:-/243f/243p/0c wt2:-/243f/243p/0c
364s main:-/243f/243p/0c wt1:-/243f/243p/0c wt3:-/243f/243p/0c wt2:-/243f/243p/0c
366s main:-/243f/243p/0c wt1:-/243f/243p/0c wt3:-/243f/243p/0c wt2:-/243f/243p/0c
368s main:-/243f/243p/0c wt1:-/243f/243p/0c wt3:-/243f/243p/0c wt2:-/243f/243p/0c
370s main:-/243f/243p/0c wt1:-/243f/243p/0c wt3:-/243f/243p/0c wt2:-/243f/243p/0c
372s main:-/243f/243p/0c wt1:-/243f/243p/0c wt3:-/243f/243p/0c wt2:-/243f/243p/0c
374s main:-/243f/243p/0c wt1:-/243f/243p/0c wt3:-/243f/243p/0c wt2:-/243f/243p/0c
376s main:-/243f/243p/0c wt1:-/243f/243p/0c wt3:-/243f/243p/0c wt2:-/243f/243p/0c
378s main:-/243f/243p/0c wt1:-/243f/243p/0c wt3:-/243f/243p/0c wt2:-/243f/243p/0c
380s main:-/243f/243p/0c wt1:-/243f/243p/0c wt3:-/243f/243p/0c wt2:-/243f/243p/0c
382s main:-/243f/243p/0c wt1:-/243f/243p/0c wt3:-/243f/243p/0c wt2:-/243f/243p/0c
384s main:-/243f/243p/0c wt1:-/243f/243p/0c wt3:-/243f/243p/0c wt2:-/243f/243p/0c
386s main:-/243f/243p/0c wt1:-/243f/243p/0c wt3:-/243f/243p/0c wt2:-/243f/243p/0c
388s main:-/243f/243p/0c wt1:-/243f/243p/0c wt3:-/243f/243p/0c wt2:-/243f/243p/0c
390s main:-/243f/243p/0c wt1:-/243f/243p/0c wt3:-/243f/243p/0c wt2:-/243f/243p/0c
393s main:-/243f/243p/0c wt1:-/243f/243p/0c wt3:-/243f/243p/0c wt2:-/243f/243p/0c
395s main:-/243f/243p/0c wt1:-/243f/243p/0c wt3:-/243f/243p/0c wt2:-/243f/243p/0c
397s main:-/243f/243p/0c wt1:-/243f/243p/0c wt3:-/243f/243p/0c wt2:-/243f/243p/0c
399s main:-/243f/243p/0c wt1:-/243f/243p/0c wt3:-/243f/243p/0c wt2:-/243f/243p/0c
401s main:-/243f/243p/0c wt1:-/243f/243p/0c wt3:-/243f/243p/0c wt2:-/243f/243p/0c
403s main:-/243f/243p/0c wt1:-/243f/243p/0c wt3:-/243f/243p/0c wt2:-/243f/243p/0c
405s main:-/243f/243p/0c wt1:-/243f/243p/0c wt3:-/243f/243p/0c wt2:-/243f/243p/0c
408s main:-/243f/243p/0c wt1:-/243f/243p/0c wt3:-/243f/243p/0c wt2:-/243f/243p/0c
410s main:-/243f/243p/0c wt1:-/243f/243p/0c wt3:-/243f/243p/0c wt2:-/243f/243p/0c
412s main:-/243f/243p/0c wt1:-/243f/243p/0c wt3:-/243f/243p/0c wt2:-/243f/243p/0c
414s main:-/243f/243p/0c wt1:-/243f/243p/0c wt3:-/243f/243p/0c wt2:-/243f/243p/0c
416s main:-/243f/243p/0c wt1:-/243f/243p/0c wt3:-/243f/243p/0c wt2:-/243f/243p/0c
418s main:-/243f/243p/0c wt1:-/243f/243p/0c wt3:-/243f/243p/0c wt2:-/243f/243p/0c
420s main:-/243f/243p/0c wt1:-/243f/243p/0c wt3:-/243f/243p/0c wt2:-/243f/243p/0c
422s main:-/243f/243p/0c wt1:-/243f/243p/0c wt3:-/243f/243p/0c wt2:-/243f/243p/0c
424s main:-/243f/243p/0c wt1:-/243f/243p/0c wt3:-/243f/243p/0c wt2:-/243f/243p/0c
426s main:-/243f/243p/0c wt1:-/243f/243p/0c wt3:-/243f/243p/0c wt2:-/243f/243p/0c
428s main:-/243f/243p/0c wt1:-/243f/243p/0c wt3:-/243f/243p/0c wt2:-/243f/243p/0c
430s main:-/243f/243p/0c wt1:-/243f/243p/0c wt3:-/243f/243p/0c wt2:-/243f/243p/0c
432s main:-/243f/243p/0c wt1:-/243f/243p/0c wt3:-/243f/243p/0c wt2:-/243f/243p/0c
434s main:-/243f/243p/0c wt1:-/243f/243p/0c wt3:-/243f/243p/0c wt2:-/243f/243p/0c
436s main:-/243f/243p/0c wt1:-/243f/243p/0c wt3:-/243f/243p/0c wt2:-/243f/243p/0c
439s main:-/243f/243p/0c wt1:-/243f/243p/0c wt3:-/243f/243p/0c wt2:-/243f/243p/0c
441s main:-/243f/243p/0c wt1:-/243f/243p/0c wt3:-/243f/243p/0c wt2:-/243f/243p/0c
443s main:-/243f/243p/0c wt1:-/243f/243p/0c wt3:-/243f/243p/0c wt2:-/243f/243p/0c
445s main:-/243f/243p/0c wt1:-/243f/243p/0c wt3:-/243f/243p/0c wt2:-/243f/243p/0c
447s main:-/243f/243p/0c wt1:-/243f/243p/0c wt3:-/243f/243p/0c wt2:-/243f/243p/0c
449s main:-/243f/243p/0c wt1:-/243f/243p/0c wt3:-/243f/243p/0c wt2:-/243f/243p/0c
451s main:-/243f/243p/0c wt1:-/243f/243p/0c wt3:-/243f/243p/0c wt2:-/243f/243p/0c
453s main:-/243f/243p/0c wt1:-/243f/243p/0c wt3:-/243f/243p/0c wt2:-/243f/243p/0c
455s main:-/243f/243p/0c wt1:-/243f/243p/0c wt3:-/243f/243p/0c wt2:-/243f/243p/0c
457s main:-/243f/243p/0c wt1:-/243f/243p/0c wt3:-/243f/243p/0c wt2:-/243f/243p/0c
459s main:-/243f/243p/0c wt1:-/243f/243p/0c wt3:-/243f/243p/0c wt2:-/243f/243p/0c
461s main:-/243f/243p/0c wt1:-/243f/243p/0c wt3:-/243f/243p/0c wt2:-/243f/243p/0c
464s main:-/243f/243p/0c wt1:-/243f/243p/0c wt3:-/243f/243p/0c wt2:-/243f/243p/0c
466s main:-/243f/243p/0c wt1:-/243f/243p/0c wt3:-/243f/243p/0c wt2:-/243f/243p/0c
468s main:-/243f/243p/0c wt1:-/243f/243p/0c wt3:-/243f/243p/0c wt2:-/243f/243p/0c
470s main:-/243f/243p/0c wt1:-/243f/243p/0c wt3:-/243f/243p/0c wt2:-/243f/243p/0c
472s main:-/243f/243p/0c wt1:-/243f/243p/0c wt3:-/243f/243p/0c wt2:-/243f/243p/0c
474s main:-/243f/243p/0c wt1:-/243f/243p/0c wt3:-/243f/243p/0c wt2:-/243f/243p/0c
476s main:-/243f/243p/0c wt1:-/243f/243p/0c wt3:-/243f/243p/0c wt2:-/243f/243p/0c
478s main:-/243f/243p/0c wt1:-/243f/243p/0c wt3:-/243f/243p/0c wt2:-/243f/243p/0c
480s main:-/243f/243p/0c wt1:-/243f/243p/0c wt3:-/243f/243p/0c wt2:-/243f/243p/0c
482s main:-/243f/243p/0c wt1:-/243f/243p/0c wt3:-/243f/243p/0c wt2:-/243f/243p/0c
484s main:-/243f/243p/0c wt1:-/243f/243p/0c wt3:-/243f/243p/0c wt2:-/243f/243p/0c
486s main:-/243f/243p/0c wt1:-/243f/243p/0c wt3:-/243f/243p/0c wt2:-/243f/243p/0c
488s main:-/243f/243p/0c wt1:-/243f/243p/0c wt3:-/243f/243p/0c wt2:-/243f/243p/0c
491s main:-/243f/243p/0c wt1:-/243f/243p/0c wt3:-/243f/243p/0c wt2:-/243f/243p/0c
493s main:-/243f/243p/0c wt1:-/243f/243p/0c wt3:-/243f/243p/0c wt2:-/243f/243p/0c
495s main:-/243f/243p/0c wt1:-/243f/243p/0c wt3:-/243f/243p/0c wt2:-/243f/243p/0c
497s main:-/243f/243p/0c wt1:-/243f/243p/0c wt3:-/243f/243p/0c wt2:-/243f/243p/0c
499s main:-/243f/243p/0c wt1:-/243f/243p/0c wt3:-/243f/243p/0c wt2:-/243f/243p/0c
501s main:-/243f/243p/0c wt1:-/243f/243p/0c wt3:-/243f/243p/0c wt2:-/243f/243p/0c
503s main:-/243f/243p/0c wt1:-/243f/243p/0c wt3:-/243f/243p/0c wt2:-/243f/243p/0c
505s main:-/243f/243p/0c wt1:-/243f/243p/0c wt3:-/243f/243p/0c wt2:-/243f/243p/0c
507s main:-/243f/243p/0c wt1:-/243f/243p/0c wt3:-/243f/243p/0c wt2:-/243f/243p/0c
509s main:-/243f/243p/0c wt1:-/243f/243p/0c wt3:-/243f/243p/0c wt2:-/243f/243p/0c
511s main:-/243f/243p/0c wt1:-/243f/243p/0c wt3:-/243f/243p/0c wt2:-/243f/243p/0c
513s main:-/243f/243p/0c wt1:-/243f/243p/0c wt3:-/243f/243p/0c wt2:-/243f/243p/0c
515s main:-/243f/243p/0c wt1:-/243f/243p/0c wt3:-/243f/243p/0c wt2:-/243f/243p/0c
518s main:-/243f/243p/0c wt1:-/243f/243p/0c wt3:-/243f/243p/0c wt2:-/243f/243p/0c
520s main:-/243f/243p/0c wt1:-/243f/243p/0c wt3:-/243f/243p/0c wt2:-/243f/243p/0c
522s main:-/243f/243p/0c wt1:-/243f/243p/0c wt3:-/243f/243p/0c wt2:-/243f/243p/0c
524s main:-/243f/243p/0c wt1:-/243f/243p/0c wt3:-/243f/243p/0c wt2:-/243f/243p/0c
526s main:-/243f/243p/0c wt1:-/243f/243p/0c wt3:-/243f/243p/0c wt2:-/243f/243p/0c
529s main:-/243f/243p/0c wt1:-/243f/243p/0c wt3:-/243f/243p/0c wt2:-/243f/243p/0c
531s main:-/243f/243p/0c wt1:-/243f/243p/0c wt3:-/243f/243p/0c wt2:-/243f/243p/0c
533s main:-/243f/243p/0c wt1:-/243f/243p/0c wt3:-/243f/243p/0c wt2:-/243f/243p/0c
535s main:-/243f/243p/0c wt1:-/243f/243p/0c wt3:-/243f/243p/0c wt2:-/243f/243p/0c
537s main:-/243f/243p/0c wt1:-/243f/243p/0c wt3:-/243f/243p/0c wt2:-/243f/243p/0c
539s main:-/243f/243p/0c wt1:-/243f/243p/0c wt3:-/243f/243p/0c wt2:-/243f/243p/0c
541s main:-/243f/243p/0c wt1:-/243f/243p/0c wt3:-/243f/243p/0c wt2:-/243f/243p/0c
544s main:-/243f/243p/0c wt1:-/243f/243p/0c wt3:-/243f/243p/0c wt2:-/243f/243p/0c
546s main:-/243f/243p/0c wt1:-/243f/243p/0c wt3:-/243f/243p/0c wt2:-/243f/243p/0c
548s main:-/243f/243p/0c wt1:-/243f/243p/0c wt3:-/243f/243p/0c wt2:-/243f/243p/0c
550s main:-/243f/243p/0c wt1:-/243f/243p/0c wt3:-/243f/243p/0c wt2:-/243f/243p/0c
552s main:-/243f/243p/0c wt1:-/243f/243p/0c wt3:-/243f/243p/0c wt2:-/243f/243p/0c
554s main:-/243f/243p/0c wt1:-/243f/243p/0c wt3:-/243f/243p/0c wt2:-/243f/243p/0c
556s main:-/243f/243p/0c wt1:-/243f/243p/0c wt3:-/243f/243p/0c wt2:-/243f/243p/0c
558s main:-/243f/243p/0c wt1:-/243f/243p/0c wt3:-/243f/243p/0c wt2:-/243f/243p/0c
560s main:-/243f/243p/0c wt1:-/243f/243p/0c wt3:-/243f/243p/0c wt2:-/243f/243p/0c
562s main:-/243f/243p/0c wt1:-/243f/243p/0c wt3:-/243f/243p/0c wt2:-/243f/243p/0c
564s main:-/243f/243p/0c wt1:-/243f/243p/0c wt3:-/243f/243p/0c wt2:-/243f/243p/0c
566s main:-/243f/243p/0c wt1:-/243f/243p/0c wt3:-/243f/243p/0c wt2:-/243f/243p/0c
568s main:-/243f/243p/0c wt1:-/243f/243p/0c wt3:-/243f/243p/0c wt2:-/243f/243p/0c
570s main:-/243f/243p/0c wt1:-/243f/243p/0c wt3:-/243f/243p/0c wt2:-/243f/243p/0c
572s main:-/243f/243p/0c wt1:-/243f/243p/0c wt3:-/243f/243p/0c wt2:-/243f/243p/0c
574s main:-/243f/243p/0c wt1:-/243f/243p/0c wt3:-/243f/243p/0c wt2:-/243f/243p/0c
576s main:-/243f/243p/0c wt1:-/243f/243p/0c wt3:-/243f/243p/0c wt2:-/243f/243p/0c
579s main:-/243f/243p/0c wt1:-/243f/243p/0c wt3:-/243f/243p/0c wt2:-/243f/243p/0c
581s main:-/243f/243p/0c wt1:-/243f/243p/0c wt3:-/243f/243p/0c wt2:-/243f/243p/0c
583s main:-/243f/243p/0c wt1:-/243f/243p/0c wt3:-/243f/243p/0c wt2:-/243f/243p/0c
585s main:-/243f/243p/0c wt1:-/243f/243p/0c wt3:-/243f/243p/0c wt2:-/243f/243p/0c
587s main:-/243f/243p/0c wt1:-/243f/243p/0c wt3:-/243f/243p/0c wt2:-/243f/243p/0c
589s main:-/243f/243p/0c wt1:-/243f/243p/0c wt3:-/243f/243p/0c wt2:-/243f/243p/0c
591s main:-/243f/243p/0c wt1:-/243f/243p/0c wt3:-/243f/243p/0c wt2:-/243f/243p/0c
593s main:-/243f/243p/0c wt1:-/243f/243p/0c wt3:-/243f/243p/0c wt2:-/243f/243p/0c
595s main:-/243f/243p/0c wt1:-/243f/243p/0c wt3:-/243f/243p/0c wt2:-/243f/243p/0c
597s main:-/243f/243p/0c wt1:-/243f/243p/0c wt3:-/243f/243p/0c wt2:-/243f/243p/0c
599s main:-/243f/243p/0c wt1:-/243f/243p/0c wt3:-/243f/243p/0c wt2:-/243f/243p/0c
601s main:-/243f/243p/0c wt1:-/243f/243p/0c wt3:-/243f/243p/0c wt2:-/243f/243p/0c
603s main:-/243f/243p/0c wt1:-/243f/243p/0c wt3:-/243f/243p/0c wt2:-/243f/243p/0c
605s main:-/243f/243p/0c wt1:-/243f/243p/0c wt3:-/243f/243p/0c wt2:-/243f/243p/0c
607s main:-/243f/243p/0c wt1:-/243f/243p/0c wt3:-/243f/243p/0c wt2:-/243f/243p/0c
609s main:-/243f/243p/0c wt1:-/243f/243p/0c wt3:-/243f/243p/0c wt2:-/243f/243p/0c
611s main:-/243f/243p/0c wt1:-/243f/243p/0c wt3:-/243f/243p/0c wt2:-/243f/243p/0c
613s main:-/243f/243p/0c wt1:-/243f/243p/0c wt3:-/243f/243p/0c wt2:-/243f/243p/0c
615s main:-/243f/243p/0c wt1:-/243f/243p/0c wt3:-/243f/243p/0c wt2:-/243f/243p/0c
618s main:-/243f/243p/0c wt1:-/243f/243p/0c wt3:-/243f/243p/0c wt2:-/243f/243p/0c
620s main:-/243f/243p/0c wt1:-/243f/243p/0c wt3:-/243f/243p/0c wt2:-/243f/243p/0c
622s main:-/243f/243p/0c wt1:-/243f/243p/0c wt3:-/243f/243p/0c wt2:-/243f/243p/0c
624s main:-/243f/243p/0c wt1:-/243f/64p/4499c wt3:-/243f/243p/0c wt2:-/243f/243p/0c
626s main:-/243f/243p/0c wt1:-/243f/64p/4499c wt3:-/243f/243p/0c wt2:-/243f/243p/0c
628s main:-/243f/65p/4499c wt1:-/243f/64p/4499c wt3:-/243f/243p/0c wt2:-/243f/243p/4309c
630s main:-/243f/65p/4499c wt1:-/243f/64p/4499c wt3:-/243f/243p/4309c wt2:-/243f/243p/4309c
632s main:-/243f/65p/4499c wt1:-/243f/64p/4499c wt3:-/243f/243p/4309c wt2:-/243f/243p/4309c
634s main:-/243f/65p/4499c wt1:-/243f/64p/4499c wt3:-/243f/243p/4309c wt2:-/243f/243p/4309c
636s main:-/243f/65p/4499c wt1:-/243f/64p/4499c wt3:-/243f/243p/4309c wt2:-/243f/243p/4309c
638s main:-/243f/65p/4499c wt1:-/243f/64p/4499c wt3:-/243f/243p/4309c wt2:-/243f/243p/4309c
640s main:-/243f/65p/4499c wt1:-/243f/64p/4499c wt3:-/243f/243p/4309c wt2:-/243f/243p/4309c
642s main:-/243f/65p/4499c wt1:-/243f/64p/4499c wt3:-/243f/243p/4309c wt2:-/243f/243p/4309c
644s main:-/243f/65p/4499c wt1:-/243f/64p/4499c wt3:-/243f/243p/4309c wt2:-/243f/65p/4309c
646s main:-/243f/65p/4499c wt1:-/243f/64p/4499c wt3:-/243f/243p/4309c wt2:-/243f/65p/4309c
648s main:-/243f/65p/4499c wt1:-/243f/64p/4499c wt3:-/243f/243p/4309c wt2:-/243f/65p/4309c
650s main:-/243f/65p/4499c wt1:-/243f/64p/4499c wt3:-/243f/65p/4309c wt2:-/243f/65p/4309c
653s main:-/243f/65p/4499c wt1:-/243f/64p/4499c wt3:-/243f/65p/4309c wt2:-/243f/65p/4309c
655s main:-/243f/65p/4499c wt1:-/243f/64p/4499c wt3:-/243f/65p/4309c wt2:-/243f/65p/4309c
657s main:-/243f/65p/4499c wt1:-/243f/64p/4499c wt3:-/243f/65p/4309c wt2:-/243f/65p/4309c
659s main:-/243f/65p/4499c wt1:-/243f/64p/4499c wt3:-/243f/65p/4309c wt2:-/243f/65p/4309c
661s main:-/243f/65p/4499c wt1:-/243f/64p/4499c wt3:-/243f/65p/4309c wt2:-/243f/65p/4309c
663s main:-/243f/65p/4499c wt1:-/243f/64p/4499c wt3:-/243f/65p/4309c wt2:-/243f/65p/4309c
665s main:-/243f/65p/4499c wt1:-/243f/64p/4499c wt3:-/243f/65p/4309c wt2:-/243f/65p/4309c
667s main:-/243f/65p/4499c wt1:-/243f/64p/4499c wt3:-/243f/65p/4309c wt2:-/243f/65p/4309c
669s main:-/243f/65p/4499c wt1:-/243f/64p/4499c wt3:-/243f/65p/4309c wt2:-/243f/65p/4309c
671s main:-/243f/65p/4499c wt1:-/243f/64p/4499c wt3:-/243f/65p/4309c wt2:-/243f/65p/4309c
673s main:-/243f/65p/4499c wt1:-/243f/64p/4499c wt3:-/243f/65p/4309c wt2:-/243f/65p/4309c
675s main:-/243f/65p/4499c wt1:-/243f/64p/4499c wt3:-/243f/65p/4309c wt2:-/243f/65p/4309c
677s main:-/243f/65p/4499c wt1:-/243f/64p/4499c wt3:-/243f/65p/4309c wt2:-/243f/65p/4309c
679s main:-/243f/65p/4499c wt1:-/243f/64p/4499c wt3:-/243f/65p/4309c wt2:-/243f/65p/4309c
681s main:-/243f/65p/4499c wt1:-/243f/64p/4499c wt3:-/243f/65p/4309c wt2:-/243f/65p/4309c
683s main:-/243f/65p/4499c wt1:-/243f/64p/4499c wt3:-/243f/65p/4309c wt2:-/243f/65p/4309c
685s main:-/243f/65p/4499c wt1:-/243f/64p/4499c wt3:-/243f/65p/4309c wt2:-/243f/65p/4309c
687s main:-/243f/65p/4499c wt1:-/243f/64p/4499c wt3:-/243f/65p/4309c wt2:-/243f/65p/4309c
689s main:-/243f/65p/4499c wt1:-/243f/64p/4499c wt3:-/243f/65p/4309c wt2:-/243f/65p/4309c
691s main:-/243f/65p/4499c wt1:-/243f/64p/4499c wt3:-/243f/65p/4309c wt2:-/243f/65p/4309c
693s main:-/243f/65p/4499c wt1:-/243f/64p/4499c wt3:-/243f/65p/4309c wt2:-/243f/65p/4309c
695s main:-/243f/65p/4499c wt1:-/243f/64p/4499c wt3:-/243f/65p/4309c wt2:-/243f/65p/4309c
697s main:-/243f/65p/4499c wt1:-/243f/64p/4499c wt3:-/243f/65p/4309c wt2:-/243f/65p/4309c
699s main:-/243f/65p/4499c wt1:-/243f/64p/4499c wt3:-/243f/65p/4309c wt2:-/243f/65p/4309c
701s main:-/243f/65p/4499c wt1:-/243f/64p/4499c wt3:-/243f/65p/4309c wt2:-/243f/65p/4309c
703s main:-/243f/65p/4499c wt1:-/243f/64p/4499c wt3:-/243f/65p/4309c wt2:-/243f/65p/4309c
705s main:-/243f/65p/4499c wt1:-/243f/64p/4499c wt3:-/243f/65p/4309c wt2:-/243f/65p/4309c
707s main:-/243f/65p/4499c wt1:-/243f/64p/4499c wt3:-/243f/65p/4309c wt2:-/243f/65p/4309c
709s main:-/243f/65p/4499c wt1:-/243f/64p/4499c wt3:-/243f/65p/4309c wt2:-/243f/65p/4309c
711s main:-/243f/65p/4499c wt1:-/243f/64p/4499c wt3:-/243f/65p/4309c wt2:-/243f/65p/4309c
713s main:-/243f/65p/4499c wt1:-/243f/64p/4499c wt3:-/243f/65p/4309c wt2:-/243f/65p/4309c
715s main:-/243f/65p/4499c wt1:-/243f/64p/4499c wt3:-/243f/65p/4309c wt2:-/243f/65p/4309c
717s main:-/243f/65p/4499c wt1:-/243f/64p/4499c wt3:-/243f/65p/4309c wt2:-/243f/65p/4309c
719s main:-/243f/65p/4499c wt1:-/243f/21p/5877c wt3:-/243f/65p/4309c wt2:-/243f/65p/4309c
721s main:-/243f/65p/4499c wt1:-/243f/21p/5877c wt3:-/243f/65p/4309c wt2:-/243f/65p/4309c
723s main:-/243f/65p/4499c wt1:-/243f/21p/5877c wt3:-/243f/65p/4309c wt2:-/243f/65p/4309c
725s main:-/243f/65p/4499c wt1:-/243f/21p/5877c wt3:-/243f/65p/4309c wt2:-/243f/65p/4309c
727s main:-/243f/65p/4499c wt1:-/243f/21p/5877c wt3:-/243f/65p/4309c wt2:-/243f/65p/4309c
729s main:-/243f/65p/4499c wt1:-/243f/21p/5877c wt3:-/243f/65p/4309c wt2:-/243f/65p/4309c
731s main:-/243f/65p/4499c wt1:-/243f/11p/6033c wt3:-/243f/65p/4309c wt2:-/243f/65p/4309c
733s main:-/243f/65p/4499c wt1:-/243f/11p/6033c wt3:-/243f/65p/4309c wt2:-/243f/65p/4309c
735s main:-/243f/65p/4499c wt1:-/243f/11p/6033c wt3:-/243f/65p/4309c wt2:-/243f/65p/4309c
737s main:-/243f/65p/4499c wt1:-/243f/11p/6033c wt3:-/243f/65p/4309c wt2:-/243f/65p/4309c
740s main:-/243f/65p/4499c wt1:-/243f/11p/6033c wt3:-/243f/65p/4309c wt2:-/243f/65p/4309c
742s main:-/243f/11p/6033c wt1:-/243f/1p/6205c wt3:-/243f/65p/4499c wt2:-/243f/65p/4499c
744s main:-/243f/11p/6033c wt1:completed/243f/0p/6232c wt3:-/243f/65p/4499c wt2:-/243f/65p/4499c
746s main:-/243f/11p/6033c wt1:completed/243f/0p/6232c wt3:-/243f/65p/4499c wt2:-/243f/65p/4499c
748s main:-/243f/11p/6033c wt1:completed/243f/0p/6232c wt3:-/243f/65p/4499c wt2:-/243f/65p/4499c
750s main:-/243f/11p/6033c wt1:completed/243f/0p/6232c wt3:-/243f/65p/4499c wt2:-/243f/65p/4499c
752s main:completed/243f/0p/6232c wt1:completed/243f/0p/6232c wt3:-/243f/65p/4499c wt2:-/243f/65p/4499c
754s main:completed/243f/0p/6232c wt1:completed/243f/0p/6232c wt3:-/243f/65p/4499c wt2:-/243f/65p/4499c
756s main:completed/243f/0p/6232c wt1:completed/243f/0p/6232c wt3:-/243f/65p/4499c wt2:-/243f/65p/4499c
758s main:completed/243f/0p/6232c wt1:completed/243f/0p/6232c wt3:-/243f/65p/4499c wt2:-/243f/65p/4499c
760s main:completed/243f/0p/6232c wt1:completed/243f/0p/6232c wt3:-/243f/65p/4499c wt2:-/243f/65p/4499c
762s main:completed/243f/0p/6232c wt1:completed/243f/0p/6232c wt3:-/243f/65p/4499c wt2:-/243f/65p/4499c
764s main:completed/243f/0p/6232c wt1:completed/243f/0p/6232c wt3:-/243f/65p/4499c wt2:-/243f/65p/4499c
766s main:completed/243f/0p/6232c wt1:completed/243f/0p/6232c wt3:-/243f/65p/4499c wt2:-/243f/65p/4499c
768s main:completed/243f/0p/6232c wt1:completed/243f/0p/6232c wt3:-/243f/65p/4499c wt2:-/243f/65p/4499c
770s main:completed/243f/0p/6232c wt1:completed/243f/0p/6232c wt3:-/243f/65p/4499c wt2:-/243f/65p/4499c
772s main:completed/243f/0p/6232c wt1:completed/243f/0p/6232c wt3:completed/243f/0p/6232c wt2:completed/243f/0p/6232c
ARM today wall 771.7 s
loadavg at end 33.52 79.61 57.54 10/1903 1340657
┌─────────┬────────┬──────┬───────────┬───────────┐
│ (index) │ wt     │ runs │ files_run │ tier_secs │
├─────────┼────────┼──────┼───────────┼───────────┤
│ 0       │ 'main' │ 3    │ 254       │ 725.1     │
│ 1       │ '/wt2' │ 2    │ 265       │ 128.1     │
│ 2       │ '/wt1' │ 5    │ 264       │ 714.8     │
│ 3       │ '/wt3' │ 2    │ 265       │ 123.9     │
└─────────┴────────┴──────┴───────────┴───────────┘
┌─────────┬─────────────┬───┐
│ (index) │ end_state   │ n │
├─────────┼─────────────┼───┤
│ 0       │ null        │ 2 │
│ 1       │ 'completed' │ 8 │
│ 2       │ 'timed-out' │ 2 │
└─────────┴─────────────┴───┘
┌─────────┬────────────┬─────────────┬───┐
│ (index) │ kind       │ end_state   │ n │
├─────────┼────────────┼─────────────┼───┤
│ 0       │ 'baseline' │ 'completed' │ 4 │
└─────────┴────────────┴─────────────┴───┘
┌─────────┬─────────┬──────┐
│ (index) │ outcome │ n    │
├─────────┼─────────┼──────┤
│ 0       │ 'pass'  │ 6232 │
└─────────┴─────────┴──────┘
ARM today total CPU 0.0 s
